[0.278s] DEBUG:colcon:Command line arguments: ['/usr/bin/colcon', 'build']
[0.279s] DEBUG:colcon:Parsed command line arguments: Namespace(log_base=None, log_level=None, verb_name='build', build_base='build', install_base='install', merge_install=False, symlink_install=False, test_result_base=None, continue_on_error=False, executor='parallel', parallel_workers=6, event_handlers=None, ignore_user_meta=False, metas=['./colcon.meta'], base_paths=['.'], packages_ignore=None, packages_ignore_regex=None, paths=None, packages_up_to=None, packages_up_to_regex=None, packages_above=None, packages_above_and_dependencies=None, packages_above_depth=None, packages_select_by_dep=None, packages_skip_by_dep=None, packages_skip_up_to=None, packages_select_build_failed=False, packages_skip_build_finished=False, packages_select_test_failures=False, packages_skip_test_passed=False, packages_select=None, packages_skip=None, packages_select_regex=None, packages_skip_regex=None, packages_start=None, packages_end=None, cmake_args=None, cmake_target=None, cmake_target_skip_unavailable=False, cmake_clean_cache=False, cmake_clean_first=False, cmake_force_configure=False, ament_cmake_args=None, catkin_cmake_args=None, catkin_skip_building_tests=False, verb_parser=<colcon_defaults.argument_parser.defaults.DefaultArgumentsDecorator object at 0xffffacff2650>, verb_extension=<colcon_core.verb.build.BuildVerb object at 0xffffacff21d0>, main=<bound method BuildVerb.main of <colcon_core.verb.build.BuildVerb object at 0xffffacff21d0>>)
[0.383s] Level 1:colcon.colcon_core.package_discovery:discover_packages(colcon_meta) check parameters
[0.383s] Level 1:colcon.colcon_core.package_discovery:discover_packages(recursive) check parameters
[0.383s] Level 1:colcon.colcon_core.package_discovery:discover_packages(ignore) check parameters
[0.383s] Level 1:colcon.colcon_core.package_discovery:discover_packages(path) check parameters
[0.383s] Level 1:colcon.colcon_core.package_discovery:discover_packages(colcon_meta) discover
[0.384s] Level 1:colcon.colcon_core.package_discovery:discover_packages(recursive) discover
[0.384s] INFO:colcon.colcon_core.package_discovery:Crawling recursively for packages in '/workspaces/drone_home-dev/drone-home/ros2_ws'
[0.384s] Level 1:colcon.colcon_core.package_identification:_identify(.) by extensions ['ignore', 'ignore_ament_install']
[0.384s] Level 1:colcon.colcon_core.package_identification:_identify(.) by extension 'ignore'
[0.385s] Level 1:colcon.colcon_core.package_identification:_identify(.) by extension 'ignore_ament_install'
[0.385s] Level 1:colcon.colcon_core.package_identification:_identify(.) by extensions ['colcon_pkg']
[0.385s] Level 1:colcon.colcon_core.package_identification:_identify(.) by extension 'colcon_pkg'
[0.385s] Level 1:colcon.colcon_core.package_identification:_identify(.) by extensions ['colcon_meta']
[0.385s] Level 1:colcon.colcon_core.package_identification:_identify(.) by extension 'colcon_meta'
[0.385s] Level 1:colcon.colcon_core.package_identification:_identify(.) by extensions ['ros']
[0.385s] Level 1:colcon.colcon_core.package_identification:_identify(.) by extension 'ros'
[0.423s] Level 1:colcon.colcon_core.package_identification:_identify(.) by extensions ['cmake', 'python']
[0.423s] Level 1:colcon.colcon_core.package_identification:_identify(.) by extension 'cmake'
[0.424s] Level 1:colcon.colcon_core.package_identification:_identify(.) by extension 'python'
[0.424s] Level 1:colcon.colcon_core.package_identification:_identify(.) by extensions ['python_setup_py']
[0.424s] Level 1:colcon.colcon_core.package_identification:_identify(.) by extension 'python_setup_py'
[0.424s] Level 1:colcon.colcon_core.package_identification:_identify(build) by extensions ['ignore', 'ignore_ament_install']
[0.424s] Level 1:colcon.colcon_core.package_identification:_identify(build) by extension 'ignore'
[0.424s] Level 1:colcon.colcon_core.package_identification:_identify(build) ignored
[0.425s] Level 1:colcon.colcon_core.package_identification:_identify(custom_messages) by extensions ['ignore', 'ignore_ament_install']
[0.425s] Level 1:colcon.colcon_core.package_identification:_identify(custom_messages) by extension 'ignore'
[0.425s] Level 1:colcon.colcon_core.package_identification:_identify(custom_messages) by extension 'ignore_ament_install'
[0.425s] Level 1:colcon.colcon_core.package_identification:_identify(custom_messages) by extensions ['colcon_pkg']
[0.425s] Level 1:colcon.colcon_core.package_identification:_identify(custom_messages) by extension 'colcon_pkg'
[0.426s] Level 1:colcon.colcon_core.package_identification:_identify(custom_messages) by extensions ['colcon_meta']
[0.426s] Level 1:colcon.colcon_core.package_identification:_identify(custom_messages) by extension 'colcon_meta'
[0.426s] Level 1:colcon.colcon_core.package_identification:_identify(custom_messages) by extensions ['ros']
[0.426s] Level 1:colcon.colcon_core.package_identification:_identify(custom_messages) by extension 'ros'
[0.432s] DEBUG:colcon.colcon_core.package_identification:Package 'custom_messages' with type 'ros.ament_cmake' and name 'custom_messages'
[0.433s] Level 1:colcon.colcon_core.package_identification:_identify(install) by extensions ['ignore', 'ignore_ament_install']
[0.433s] Level 1:colcon.colcon_core.package_identification:_identify(install) by extension 'ignore'
[0.433s] Level 1:colcon.colcon_core.package_identification:_identify(install) ignored
[0.434s] Level 1:colcon.colcon_core.package_identification:_identify(launch) by extensions ['ignore', 'ignore_ament_install']
[0.434s] Level 1:colcon.colcon_core.package_identification:_identify(launch) by extension 'ignore'
[0.434s] Level 1:colcon.colcon_core.package_identification:_identify(launch) by extension 'ignore_ament_install'
[0.434s] Level 1:colcon.colcon_core.package_identification:_identify(launch) by extensions ['colcon_pkg']
[0.434s] Level 1:colcon.colcon_core.package_identification:_identify(launch) by extension 'colcon_pkg'
[0.434s] Level 1:colcon.colcon_core.package_identification:_identify(launch) by extensions ['colcon_meta']
[0.434s] Level 1:colcon.colcon_core.package_identification:_identify(launch) by extension 'colcon_meta'
[0.435s] Level 1:colcon.colcon_core.package_identification:_identify(launch) by extensions ['ros']
[0.435s] Level 1:colcon.colcon_core.package_identification:_identify(launch) by extension 'ros'
[0.435s] Level 1:colcon.colcon_core.package_identification:_identify(launch) by extensions ['cmake', 'python']
[0.435s] Level 1:colcon.colcon_core.package_identification:_identify(launch) by extension 'cmake'
[0.435s] Level 1:colcon.colcon_core.package_identification:_identify(launch) by extension 'python'
[0.435s] Level 1:colcon.colcon_core.package_identification:_identify(launch) by extensions ['python_setup_py']
[0.435s] Level 1:colcon.colcon_core.package_identification:_identify(launch) by extension 'python_setup_py'
[0.435s] Level 1:colcon.colcon_core.package_identification:_identify(launch/__pycache__) by extensions ['ignore', 'ignore_ament_install']
[0.436s] Level 1:colcon.colcon_core.package_identification:_identify(launch/__pycache__) by extension 'ignore'
[0.436s] Level 1:colcon.colcon_core.package_identification:_identify(launch/__pycache__) by extension 'ignore_ament_install'
[0.436s] Level 1:colcon.colcon_core.package_identification:_identify(launch/__pycache__) by extensions ['colcon_pkg']
[0.436s] Level 1:colcon.colcon_core.package_identification:_identify(launch/__pycache__) by extension 'colcon_pkg'
[0.436s] Level 1:colcon.colcon_core.package_identification:_identify(launch/__pycache__) by extensions ['colcon_meta']
[0.436s] Level 1:colcon.colcon_core.package_identification:_identify(launch/__pycache__) by extension 'colcon_meta'
[0.436s] Level 1:colcon.colcon_core.package_identification:_identify(launch/__pycache__) by extensions ['ros']
[0.436s] Level 1:colcon.colcon_core.package_identification:_identify(launch/__pycache__) by extension 'ros'
[0.437s] Level 1:colcon.colcon_core.package_identification:_identify(launch/__pycache__) by extensions ['cmake', 'python']
[0.437s] Level 1:colcon.colcon_core.package_identification:_identify(launch/__pycache__) by extension 'cmake'
[0.437s] Level 1:colcon.colcon_core.package_identification:_identify(launch/__pycache__) by extension 'python'
[0.437s] Level 1:colcon.colcon_core.package_identification:_identify(launch/__pycache__) by extensions ['python_setup_py']
[0.437s] Level 1:colcon.colcon_core.package_identification:_identify(launch/__pycache__) by extension 'python_setup_py'
[0.438s] Level 1:colcon.colcon_core.package_identification:_identify(log) by extensions ['ignore', 'ignore_ament_install']
[0.438s] Level 1:colcon.colcon_core.package_identification:_identify(log) by extension 'ignore'
[0.438s] Level 1:colcon.colcon_core.package_identification:_identify(log) ignored
[0.439s] Level 1:colcon.colcon_core.package_identification:_identify(logs) by extensions ['ignore', 'ignore_ament_install']
[0.439s] Level 1:colcon.colcon_core.package_identification:_identify(logs) by extension 'ignore'
[0.439s] Level 1:colcon.colcon_core.package_identification:_identify(logs) by extension 'ignore_ament_install'
[0.439s] Level 1:colcon.colcon_core.package_identification:_identify(logs) by extensions ['colcon_pkg']
[0.439s] Level 1:colcon.colcon_core.package_identification:_identify(logs) by extension 'colcon_pkg'
[0.439s] Level 1:colcon.colcon_core.package_identification:_identify(logs) by extensions ['colcon_meta']
[0.439s] Level 1:colcon.colcon_core.package_identification:_identify(logs) by extension 'colcon_meta'
[0.440s] Level 1:colcon.colcon_core.package_identification:_identify(logs) by extensions ['ros']
[0.440s] Level 1:colcon.colcon_core.package_identification:_identify(logs) by extension 'ros'
[0.440s] Level 1:colcon.colcon_core.package_identification:_identify(logs) by extensions ['cmake', 'python']
[0.440s] Level 1:colcon.colcon_core.package_identification:_identify(logs) by extension 'cmake'
[0.440s] Level 1:colcon.colcon_core.package_identification:_identify(logs) by extension 'python'
[0.440s] Level 1:colcon.colcon_core.package_identification:_identify(logs) by extensions ['python_setup_py']
[0.440s] Level 1:colcon.colcon_core.package_identification:_identify(logs) by extension 'python_setup_py'
[0.440s] Level 1:colcon.colcon_core.package_identification:_identify(src) by extensions ['ignore', 'ignore_ament_install']
[0.441s] Level 1:colcon.colcon_core.package_identification:_identify(src) by extension 'ignore'
[0.441s] Level 1:colcon.colcon_core.package_identification:_identify(src) by extension 'ignore_ament_install'
[0.441s] Level 1:colcon.colcon_core.package_identification:_identify(src) by extensions ['colcon_pkg']
[0.441s] Level 1:colcon.colcon_core.package_identification:_identify(src) by extension 'colcon_pkg'
[0.441s] Level 1:colcon.colcon_core.package_identification:_identify(src) by extensions ['colcon_meta']
[0.441s] Level 1:colcon.colcon_core.package_identification:_identify(src) by extension 'colcon_meta'
[0.441s] Level 1:colcon.colcon_core.package_identification:_identify(src) by extensions ['ros']
[0.441s] Level 1:colcon.colcon_core.package_identification:_identify(src) by extension 'ros'
[0.441s] Level 1:colcon.colcon_core.package_identification:_identify(src) by extensions ['cmake', 'python']
[0.441s] Level 1:colcon.colcon_core.package_identification:_identify(src) by extension 'cmake'
[0.442s] Level 1:colcon.colcon_core.package_identification:_identify(src) by extension 'python'
[0.442s] Level 1:colcon.colcon_core.package_identification:_identify(src) by extensions ['python_setup_py']
[0.442s] Level 1:colcon.colcon_core.package_identification:_identify(src) by extension 'python_setup_py'
[0.442s] Level 1:colcon.colcon_core.package_identification:_identify(src/drone_home) by extensions ['ignore', 'ignore_ament_install']
[0.442s] Level 1:colcon.colcon_core.package_identification:_identify(src/drone_home) by extension 'ignore'
[0.442s] Level 1:colcon.colcon_core.package_identification:_identify(src/drone_home) by extension 'ignore_ament_install'
[0.442s] Level 1:colcon.colcon_core.package_identification:_identify(src/drone_home) by extensions ['colcon_pkg']
[0.442s] Level 1:colcon.colcon_core.package_identification:_identify(src/drone_home) by extension 'colcon_pkg'
[0.443s] Level 1:colcon.colcon_core.package_identification:_identify(src/drone_home) by extensions ['colcon_meta']
[0.443s] Level 1:colcon.colcon_core.package_identification:_identify(src/drone_home) by extension 'colcon_meta'
[0.443s] Level 1:colcon.colcon_core.package_identification:_identify(src/drone_home) by extensions ['ros']
[0.443s] Level 1:colcon.colcon_core.package_identification:_identify(src/drone_home) by extension 'ros'
[0.444s] DEBUG:colcon.colcon_core.package_identification:Package 'src/drone_home' with type 'ros.ament_python' and name 'drone_home'
[0.445s] Level 1:colcon.colcon_core.package_discovery:discover_packages(recursive) using defaults
[0.445s] Level 1:colcon.colcon_core.package_discovery:discover_packages(ignore) discover
[0.445s] Level 1:colcon.colcon_core.package_discovery:discover_packages(ignore) using defaults
[0.445s] Level 1:colcon.colcon_core.package_discovery:discover_packages(path) discover
[0.445s] Level 1:colcon.colcon_core.package_discovery:discover_packages(path) using defaults
[0.496s] Level 5:colcon.colcon_core.verb:set package 'custom_messages' build argument 'cmake_args' from command line to 'None'
[0.496s] Level 5:colcon.colcon_core.verb:set package 'custom_messages' build argument 'cmake_target' from command line to 'None'
[0.496s] Level 5:colcon.colcon_core.verb:set package 'custom_messages' build argument 'cmake_target_skip_unavailable' from command line to 'False'
[0.496s] Level 5:colcon.colcon_core.verb:set package 'custom_messages' build argument 'cmake_clean_cache' from command line to 'False'
[0.496s] Level 5:colcon.colcon_core.verb:set package 'custom_messages' build argument 'cmake_clean_first' from command line to 'False'
[0.496s] Level 5:colcon.colcon_core.verb:set package 'custom_messages' build argument 'cmake_force_configure' from command line to 'False'
[0.496s] Level 5:colcon.colcon_core.verb:set package 'custom_messages' build argument 'ament_cmake_args' from command line to 'None'
[0.496s] Level 5:colcon.colcon_core.verb:set package 'custom_messages' build argument 'catkin_cmake_args' from command line to 'None'
[0.496s] Level 5:colcon.colcon_core.verb:set package 'custom_messages' build argument 'catkin_skip_building_tests' from command line to 'False'
[0.497s] DEBUG:colcon.colcon_core.verb:Building package 'custom_messages' with the following arguments: {'ament_cmake_args': None, 'build_base': '/workspaces/drone_home-dev/drone-home/ros2_ws/build/custom_messages', 'catkin_cmake_args': None, 'catkin_skip_building_tests': False, 'cmake_args': None, 'cmake_clean_cache': False, 'cmake_clean_first': False, 'cmake_force_configure': False, 'cmake_target': None, 'cmake_target_skip_unavailable': False, 'install_base': '/workspaces/drone_home-dev/drone-home/ros2_ws/install/custom_messages', 'merge_install': False, 'path': '/workspaces/drone_home-dev/drone-home/ros2_ws/custom_messages', 'symlink_install': False, 'test_result_base': None}
[0.498s] Level 5:colcon.colcon_core.verb:set package 'drone_home' build argument 'cmake_args' from command line to 'None'
[0.498s] Level 5:colcon.colcon_core.verb:set package 'drone_home' build argument 'cmake_target' from command line to 'None'
[0.498s] Level 5:colcon.colcon_core.verb:set package 'drone_home' build argument 'cmake_target_skip_unavailable' from command line to 'False'
[0.498s] Level 5:colcon.colcon_core.verb:set package 'drone_home' build argument 'cmake_clean_cache' from command line to 'False'
[0.498s] Level 5:colcon.colcon_core.verb:set package 'drone_home' build argument 'cmake_clean_first' from command line to 'False'
[0.498s] Level 5:colcon.colcon_core.verb:set package 'drone_home' build argument 'cmake_force_configure' from command line to 'False'
[0.498s] Level 5:colcon.colcon_core.verb:set package 'drone_home' build argument 'ament_cmake_args' from command line to 'None'
[0.498s] Level 5:colcon.colcon_core.verb:set package 'drone_home' build argument 'catkin_cmake_args' from command line to 'None'
[0.498s] Level 5:colcon.colcon_core.verb:set package 'drone_home' build argument 'catkin_skip_building_tests' from command line to 'False'
[0.498s] DEBUG:colcon.colcon_core.verb:Building package 'drone_home' with the following arguments: {'ament_cmake_args': None, 'build_base': '/workspaces/drone_home-dev/drone-home/ros2_ws/build/drone_home', 'catkin_cmake_args': None, 'catkin_skip_building_tests': False, 'cmake_args': None, 'cmake_clean_cache': False, 'cmake_clean_first': False, 'cmake_force_configure': False, 'cmake_target': None, 'cmake_target_skip_unavailable': False, 'install_base': '/workspaces/drone_home-dev/drone-home/ros2_ws/install/drone_home', 'merge_install': False, 'path': '/workspaces/drone_home-dev/drone-home/ros2_ws/src/drone_home', 'symlink_install': False, 'test_result_base': None}
[0.499s] INFO:colcon.colcon_core.executor:Executing jobs using 'parallel' executor
[0.505s] DEBUG:colcon.colcon_parallel_executor.executor.parallel:run_until_complete
[0.505s] INFO:colcon.colcon_ros.task.ament_cmake.build:Building ROS package in '/workspaces/drone_home-dev/drone-home/ros2_ws/custom_messages' with build type 'ament_cmake'
[0.506s] INFO:colcon.colcon_cmake.task.cmake.build:Building CMake package in '/workspaces/drone_home-dev/drone-home/ros2_ws/custom_messages'
[0.512s] INFO:colcon.colcon_core.plugin_system:Skipping extension 'colcon_core.shell.bat': Not used on non-Windows systems
[0.513s] INFO:colcon.colcon_core.shell:Skip shell extension 'powershell' for command environment: Not usable outside of PowerShell
[0.513s] DEBUG:colcon.colcon_core.shell:Skip shell extension 'dsv' for command environment
[0.543s] INFO:colcon.colcon_ros.task.ament_python.build:Building ROS package in '/workspaces/drone_home-dev/drone-home/ros2_ws/src/drone_home' with build type 'ament_python'
[0.544s] Level 1:colcon.colcon_core.shell:create_environment_hook('drone_home', 'ament_prefix_path')
[0.545s] INFO:colcon.colcon_core.shell:Creating environment hook '/workspaces/drone_home-dev/drone-home/ros2_ws/install/drone_home/share/drone_home/hook/ament_prefix_path.ps1'
[0.547s] INFO:colcon.colcon_core.shell:Creating environment descriptor '/workspaces/drone_home-dev/drone-home/ros2_ws/install/drone_home/share/drone_home/hook/ament_prefix_path.dsv'
[0.548s] INFO:colcon.colcon_core.shell:Creating environment hook '/workspaces/drone_home-dev/drone-home/ros2_ws/install/drone_home/share/drone_home/hook/ament_prefix_path.sh'
[0.550s] INFO:colcon.colcon_core.shell:Skip shell extension 'powershell' for command environment: Not usable outside of PowerShell
[0.551s] DEBUG:colcon.colcon_core.shell:Skip shell extension 'dsv' for command environment
[0.585s] DEBUG:colcon.colcon_core.event_handler.log_command:Invoking command in '/workspaces/drone_home-dev/drone-home/ros2_ws/build/custom_messages': CMAKE_PREFIX_PATH=${CMAKE_PREFIX_PATH}:/workspaces/drone_home-dev/drone-home/ros2_ws/install/drone_home:/opt/ros/humble /usr/local/bin/cmake --build /workspaces/drone_home-dev/drone-home/ros2_ws/build/custom_messages -- -j6 -l6
[1.471s] INFO:colcon.colcon_core.task.python.build:Building Python package in '/workspaces/drone_home-dev/drone-home/ros2_ws/src/drone_home'
[1.472s] INFO:colcon.colcon_core.shell:Skip shell extension 'powershell' for command environment: Not usable outside of PowerShell
[1.472s] DEBUG:colcon.colcon_core.shell:Skip shell extension 'dsv' for command environment
[2.015s] DEBUG:colcon.colcon_core.event_handler.log_command:Invoked command in '/workspaces/drone_home-dev/drone-home/ros2_ws/build/custom_messages' returned '0': CMAKE_PREFIX_PATH=${CMAKE_PREFIX_PATH}:/workspaces/drone_home-dev/drone-home/ros2_ws/install/drone_home:/opt/ros/humble /usr/local/bin/cmake --build /workspaces/drone_home-dev/drone-home/ros2_ws/build/custom_messages -- -j6 -l6
[2.220s] DEBUG:colcon.colcon_core.event_handler.log_command:Invoking command in '/workspaces/drone_home-dev/drone-home/ros2_ws/build/custom_messages': CMAKE_PREFIX_PATH=${CMAKE_PREFIX_PATH}:/workspaces/drone_home-dev/drone-home/ros2_ws/install/drone_home:/opt/ros/humble /usr/local/bin/cmake --install /workspaces/drone_home-dev/drone-home/ros2_ws/build/custom_messages
[2.561s] Level 1:colcon.colcon_core.environment:create_environment_scripts_only(custom_messages)
[2.567s] Level 1:colcon.colcon_core.environment:checking '/workspaces/drone_home-dev/drone-home/ros2_ws/install/custom_messages' for CMake module files
[2.569s] Level 1:colcon.colcon_core.environment:checking '/workspaces/drone_home-dev/drone-home/ros2_ws/install/custom_messages' for CMake config files
[2.570s] Level 1:colcon.colcon_core.shell:create_environment_hook('custom_messages', 'cmake_prefix_path')
[2.570s] INFO:colcon.colcon_core.shell:Creating environment hook '/workspaces/drone_home-dev/drone-home/ros2_ws/install/custom_messages/share/custom_messages/hook/cmake_prefix_path.ps1'
[2.580s] DEBUG:colcon.colcon_core.event_handler.log_command:Invoked command in '/workspaces/drone_home-dev/drone-home/ros2_ws/build/custom_messages' returned '0': CMAKE_PREFIX_PATH=${CMAKE_PREFIX_PATH}:/workspaces/drone_home-dev/drone-home/ros2_ws/install/drone_home:/opt/ros/humble /usr/local/bin/cmake --install /workspaces/drone_home-dev/drone-home/ros2_ws/build/custom_messages
[2.584s] INFO:colcon.colcon_core.shell:Creating environment descriptor '/workspaces/drone_home-dev/drone-home/ros2_ws/install/custom_messages/share/custom_messages/hook/cmake_prefix_path.dsv'
[2.585s] INFO:colcon.colcon_core.shell:Creating environment hook '/workspaces/drone_home-dev/drone-home/ros2_ws/install/custom_messages/share/custom_messages/hook/cmake_prefix_path.sh'
[2.587s] Level 1:colcon.colcon_core.environment:checking '/workspaces/drone_home-dev/drone-home/ros2_ws/install/custom_messages/lib'
[2.587s] Level 1:colcon.colcon_core.shell:create_environment_hook('custom_messages', 'ld_library_path_lib')
[2.588s] INFO:colcon.colcon_core.shell:Creating environment hook '/workspaces/drone_home-dev/drone-home/ros2_ws/install/custom_messages/share/custom_messages/hook/ld_library_path_lib.ps1'
[2.590s] INFO:colcon.colcon_core.shell:Creating environment descriptor '/workspaces/drone_home-dev/drone-home/ros2_ws/install/custom_messages/share/custom_messages/hook/ld_library_path_lib.dsv'
[2.591s] INFO:colcon.colcon_core.shell:Creating environment hook '/workspaces/drone_home-dev/drone-home/ros2_ws/install/custom_messages/share/custom_messages/hook/ld_library_path_lib.sh'
[2.592s] Level 1:colcon.colcon_core.environment:checking '/workspaces/drone_home-dev/drone-home/ros2_ws/install/custom_messages/bin'
[2.592s] Level 1:colcon.colcon_core.environment:checking '/workspaces/drone_home-dev/drone-home/ros2_ws/install/custom_messages/lib/pkgconfig/custom_messages.pc'
[2.592s] Level 1:colcon.colcon_core.environment:checking '/workspaces/drone_home-dev/drone-home/ros2_ws/install/custom_messages/lib/python3.10/site-packages'
[2.593s] Level 1:colcon.colcon_core.environment:checking '/workspaces/drone_home-dev/drone-home/ros2_ws/install/custom_messages/bin'
[2.594s] INFO:colcon.colcon_core.shell:Creating package script '/workspaces/drone_home-dev/drone-home/ros2_ws/install/custom_messages/share/custom_messages/package.ps1'
[2.603s] INFO:colcon.colcon_core.shell:Creating package descriptor '/workspaces/drone_home-dev/drone-home/ros2_ws/install/custom_messages/share/custom_messages/package.dsv'
[2.604s] INFO:colcon.colcon_core.shell:Creating package script '/workspaces/drone_home-dev/drone-home/ros2_ws/install/custom_messages/share/custom_messages/package.sh'
[2.606s] INFO:colcon.colcon_core.shell:Creating package script '/workspaces/drone_home-dev/drone-home/ros2_ws/install/custom_messages/share/custom_messages/package.bash'
[2.607s] INFO:colcon.colcon_core.shell:Creating package script '/workspaces/drone_home-dev/drone-home/ros2_ws/install/custom_messages/share/custom_messages/package.zsh'
[2.609s] Level 1:colcon.colcon_core.environment:create_file_with_runtime_dependencies(/workspaces/drone_home-dev/drone-home/ros2_ws/install/custom_messages/share/colcon-core/packages/custom_messages)
[2.610s] Level 1:colcon.colcon_core.environment:create_environment_scripts_only(custom_messages)
[2.611s] Level 1:colcon.colcon_core.environment:checking '/workspaces/drone_home-dev/drone-home/ros2_ws/install/custom_messages' for CMake module files
[2.612s] Level 1:colcon.colcon_core.environment:checking '/workspaces/drone_home-dev/drone-home/ros2_ws/install/custom_messages' for CMake config files
[2.613s] Level 1:colcon.colcon_core.shell:create_environment_hook('custom_messages', 'cmake_prefix_path')
[2.614s] INFO:colcon.colcon_core.shell:Creating environment hook '/workspaces/drone_home-dev/drone-home/ros2_ws/install/custom_messages/share/custom_messages/hook/cmake_prefix_path.ps1'
[2.615s] INFO:colcon.colcon_core.shell:Creating environment descriptor '/workspaces/drone_home-dev/drone-home/ros2_ws/install/custom_messages/share/custom_messages/hook/cmake_prefix_path.dsv'
[2.616s] INFO:colcon.colcon_core.shell:Creating environment hook '/workspaces/drone_home-dev/drone-home/ros2_ws/install/custom_messages/share/custom_messages/hook/cmake_prefix_path.sh'
[2.617s] Level 1:colcon.colcon_core.environment:checking '/workspaces/drone_home-dev/drone-home/ros2_ws/install/custom_messages/lib'
[2.617s] Level 1:colcon.colcon_core.shell:create_environment_hook('custom_messages', 'ld_library_path_lib')
[2.618s] INFO:colcon.colcon_core.shell:Creating environment hook '/workspaces/drone_home-dev/drone-home/ros2_ws/install/custom_messages/share/custom_messages/hook/ld_library_path_lib.ps1'
[2.619s] INFO:colcon.colcon_core.shell:Creating environment descriptor '/workspaces/drone_home-dev/drone-home/ros2_ws/install/custom_messages/share/custom_messages/hook/ld_library_path_lib.dsv'
[2.620s] INFO:colcon.colcon_core.shell:Creating environment hook '/workspaces/drone_home-dev/drone-home/ros2_ws/install/custom_messages/share/custom_messages/hook/ld_library_path_lib.sh'
[2.621s] Level 1:colcon.colcon_core.environment:checking '/workspaces/drone_home-dev/drone-home/ros2_ws/install/custom_messages/bin'
[2.621s] Level 1:colcon.colcon_core.environment:checking '/workspaces/drone_home-dev/drone-home/ros2_ws/install/custom_messages/lib/pkgconfig/custom_messages.pc'
[2.621s] Level 1:colcon.colcon_core.environment:checking '/workspaces/drone_home-dev/drone-home/ros2_ws/install/custom_messages/lib/python3.10/site-packages'
[2.622s] Level 1:colcon.colcon_core.environment:checking '/workspaces/drone_home-dev/drone-home/ros2_ws/install/custom_messages/bin'
[2.623s] INFO:colcon.colcon_core.shell:Creating package script '/workspaces/drone_home-dev/drone-home/ros2_ws/install/custom_messages/share/custom_messages/package.ps1'
[2.624s] INFO:colcon.colcon_core.shell:Creating package descriptor '/workspaces/drone_home-dev/drone-home/ros2_ws/install/custom_messages/share/custom_messages/package.dsv'
[2.625s] INFO:colcon.colcon_core.shell:Creating package script '/workspaces/drone_home-dev/drone-home/ros2_ws/install/custom_messages/share/custom_messages/package.sh'
[2.626s] INFO:colcon.colcon_core.shell:Creating package script '/workspaces/drone_home-dev/drone-home/ros2_ws/install/custom_messages/share/custom_messages/package.bash'
[2.627s] INFO:colcon.colcon_core.shell:Creating package script '/workspaces/drone_home-dev/drone-home/ros2_ws/install/custom_messages/share/custom_messages/package.zsh'
[2.628s] Level 1:colcon.colcon_core.environment:create_file_with_runtime_dependencies(/workspaces/drone_home-dev/drone-home/ros2_ws/install/custom_messages/share/colcon-core/packages/custom_messages)
[3.257s] DEBUG:colcon.colcon_core.event_handler.log_command:Invoking command in '/workspaces/drone_home-dev/drone-home/ros2_ws/src/drone_home': PYTHONPATH=/workspaces/drone_home-dev/drone-home/ros2_ws/build/drone_home/prefix_override:/usr/lib/python3/dist-packages/colcon_core/task/python/colcon_distutils_commands:/workspaces/drone_home-dev/drone-home/ros2_ws/install/drone_home/lib/python3.10/site-packages:${PYTHONPATH} /usr/bin/python3 -W ignore:setup.py install is deprecated -W ignore:easy_install command is deprecated setup.py egg_info --egg-base ../../build/drone_home build --build-base /workspaces/drone_home-dev/drone-home/ros2_ws/build/drone_home/build install --record /workspaces/drone_home-dev/drone-home/ros2_ws/build/drone_home/install.log --single-version-externally-managed install_data
[4.813s] Level 1:colcon.colcon_core.environment:checking '/workspaces/drone_home-dev/drone-home/ros2_ws/install/drone_home' for CMake module files
[4.814s] Level 1:colcon.colcon_core.environment:checking '/workspaces/drone_home-dev/drone-home/ros2_ws/install/drone_home' for CMake config files
[4.816s] Level 1:colcon.colcon_core.environment:checking '/workspaces/drone_home-dev/drone-home/ros2_ws/install/drone_home/lib'
[4.816s] Level 1:colcon.colcon_core.environment:checking '/workspaces/drone_home-dev/drone-home/ros2_ws/install/drone_home/bin'
[4.816s] Level 1:colcon.colcon_core.environment:checking '/workspaces/drone_home-dev/drone-home/ros2_ws/install/drone_home/lib/pkgconfig/drone_home.pc'
[4.817s] Level 1:colcon.colcon_core.environment:checking '/workspaces/drone_home-dev/drone-home/ros2_ws/install/drone_home/lib/python3.10/site-packages'
[4.817s] Level 1:colcon.colcon_core.shell:create_environment_hook('drone_home', 'pythonpath')
[4.818s] INFO:colcon.colcon_core.shell:Creating environment hook '/workspaces/drone_home-dev/drone-home/ros2_ws/install/drone_home/share/drone_home/hook/pythonpath.ps1'
[4.820s] INFO:colcon.colcon_core.shell:Creating environment descriptor '/workspaces/drone_home-dev/drone-home/ros2_ws/install/drone_home/share/drone_home/hook/pythonpath.dsv'
[4.821s] INFO:colcon.colcon_core.shell:Creating environment hook '/workspaces/drone_home-dev/drone-home/ros2_ws/install/drone_home/share/drone_home/hook/pythonpath.sh'
[4.822s] Level 1:colcon.colcon_core.environment:checking '/workspaces/drone_home-dev/drone-home/ros2_ws/install/drone_home/bin'
[4.822s] Level 1:colcon.colcon_core.environment:create_environment_scripts_only(drone_home)
[4.824s] INFO:colcon.colcon_core.shell:Creating package script '/workspaces/drone_home-dev/drone-home/ros2_ws/install/drone_home/share/drone_home/package.ps1'
[4.826s] INFO:colcon.colcon_core.shell:Creating package descriptor '/workspaces/drone_home-dev/drone-home/ros2_ws/install/drone_home/share/drone_home/package.dsv'
[4.827s] INFO:colcon.colcon_core.shell:Creating package script '/workspaces/drone_home-dev/drone-home/ros2_ws/install/drone_home/share/drone_home/package.sh'
[4.828s] INFO:colcon.colcon_core.shell:Creating package script '/workspaces/drone_home-dev/drone-home/ros2_ws/install/drone_home/share/drone_home/package.bash'
[4.829s] INFO:colcon.colcon_core.shell:Creating package script '/workspaces/drone_home-dev/drone-home/ros2_ws/install/drone_home/share/drone_home/package.zsh'
[4.830s] Level 1:colcon.colcon_core.environment:create_file_with_runtime_dependencies(/workspaces/drone_home-dev/drone-home/ros2_ws/install/drone_home/share/colcon-core/packages/drone_home)
[4.831s] DEBUG:colcon.colcon_parallel_executor.executor.parallel:closing loop
[4.832s] DEBUG:colcon.colcon_core.event_handler.log_command:Invoked command in '/workspaces/drone_home-dev/drone-home/ros2_ws/src/drone_home' returned '0': PYTHONPATH=/workspaces/drone_home-dev/drone-home/ros2_ws/build/drone_home/prefix_override:/usr/lib/python3/dist-packages/colcon_core/task/python/colcon_distutils_commands:/workspaces/drone_home-dev/drone-home/ros2_ws/install/drone_home/lib/python3.10/site-packages:${PYTHONPATH} /usr/bin/python3 -W ignore:setup.py install is deprecated -W ignore:easy_install command is deprecated setup.py egg_info --egg-base ../../build/drone_home build --build-base /workspaces/drone_home-dev/drone-home/ros2_ws/build/drone_home/build install --record /workspaces/drone_home-dev/drone-home/ros2_ws/build/drone_home/install.log --single-version-externally-managed install_data
[4.833s] DEBUG:colcon.colcon_parallel_executor.executor.parallel:loop closed
[4.834s] DEBUG:colcon.colcon_parallel_executor.executor.parallel:run_until_complete finished with '0'
[4.834s] DEBUG:colcon.colcon_core.event_reactor:joining thread
[4.851s] INFO:colcon.colcon_core.plugin_system:Skipping extension 'colcon_notification.desktop_notification.notify_send': Could not find 'notify-send'
[4.851s] INFO:colcon.colcon_core.plugin_system:Skipping extension 'colcon_notification.desktop_notification.terminal_notifier': Not used on non-Darwin systems
[4.851s] INFO:colcon.colcon_core.plugin_system:Skipping extension 'colcon_notification.desktop_notification.win32': Not used on non-Windows systems
[4.851s] INFO:colcon.colcon_notification.desktop_notification:Sending desktop notification using 'notify2'
[4.852s] DEBUG:colcon.colcon_notification.desktop_notification.notify2:Failed to initialize notify2: org.freedesktop.DBus.Error.NotSupported: Unable to autolaunch a dbus-daemon without a $DISPLAY for X11
[4.852s] DEBUG:colcon.colcon_core.event_reactor:joined thread
[4.853s] INFO:colcon.colcon_core.shell:Creating prefix script '/workspaces/drone_home-dev/drone-home/ros2_ws/install/local_setup.ps1'
[4.855s] INFO:colcon.colcon_core.shell:Creating prefix util module '/workspaces/drone_home-dev/drone-home/ros2_ws/install/_local_setup_util_ps1.py'
[4.859s] INFO:colcon.colcon_core.shell:Creating prefix chain script '/workspaces/drone_home-dev/drone-home/ros2_ws/install/setup.ps1'
[4.862s] INFO:colcon.colcon_core.shell:Creating prefix script '/workspaces/drone_home-dev/drone-home/ros2_ws/install/local_setup.sh'
[4.864s] INFO:colcon.colcon_core.shell:Creating prefix util module '/workspaces/drone_home-dev/drone-home/ros2_ws/install/_local_setup_util_sh.py'
[4.865s] INFO:colcon.colcon_core.shell:Creating prefix chain script '/workspaces/drone_home-dev/drone-home/ros2_ws/install/setup.sh'
[4.868s] INFO:colcon.colcon_core.shell:Creating prefix script '/workspaces/drone_home-dev/drone-home/ros2_ws/install/local_setup.bash'
[4.870s] INFO:colcon.colcon_core.shell:Creating prefix chain script '/workspaces/drone_home-dev/drone-home/ros2_ws/install/setup.bash'
[4.873s] INFO:colcon.colcon_core.shell:Creating prefix script '/workspaces/drone_home-dev/drone-home/ros2_ws/install/local_setup.zsh'
[4.875s] INFO:colcon.colcon_core.shell:Creating prefix chain script '/workspaces/drone_home-dev/drone-home/ros2_ws/install/setup.zsh'
