[INFO] [launch]: All log files can be found below /root/.ros/log/2025-03-27-13-55-10-763622-drone-home-1555
[INFO] [launch]: Default logging verbosity is set to INFO
[INFO] [cv_controller-1]: process started with pid [1559]
[INFO] [controller-2]: process started with pid [1561]
[INFO] [pwm_publisher-3]: process started with pid [1563]
[INFO] [gps_publisher-4]: process started with pid [1565]
[INFO] [imu_publisher-5]: process started with pid [1567]
[INFO] [drive_hardware-6]: process started with pid [1569]
[cv_controller-1] [INFO] [1743098111.496433903] [drone_home1.sim]: CV Controller running
[controller-2] [INFO] [1743098111.991742298] [drone_home1.controller]: Controller running
[gps_publisher-4] [INFO] [1743098112.165412039] [drone_home1.gps_publisher]: Connected GPS on /dev/ttyUSB0
[gps_publisher-4] [INFO] [1743098112.166624366] [drone_home1.gps_publisher]: GPS Initialized
[imu_publisher-5] [INFO] [1743098113.412757201] [drone_home1.imu_publisher]: Calibration status: (True, 'Calibration (sys:0, gyro:0, accel:3, mag:0)')
[drive_hardware-6] [INFO] [1743098119.042034519] [drone_home1.drive_hardware]: Service request to change drive mode custom_messages.srv.SetMode_Request(mode='manual')
[drive_hardware-6] [INFO] [1743098119.046001943] [drone_home1.drive_hardware]: Drive mode now: manual
[drive_hardware-6] [INFO] [1743098131.933860771] [drone_home1.drive_hardware]: Service request to change drive mode custom_messages.srv.SetMode_Request(mode='automatic')
[drive_hardware-6] [INFO] [1743098131.934812458] [drone_home1.drive_hardware]: Drive mode now: automatic
[drive_hardware-6] [INFO] [1743098136.617972878] [drone_home1.drive_hardware]: Service request to change drive mode custom_messages.srv.SetMode_Request(mode='manual')
[drive_hardware-6] [INFO] [1743098136.618934822] [drone_home1.drive_hardware]: Drive mode now: manual
[drive_hardware-6] [INFO] [1743098137.766373737] [drone_home1.drive_hardware]: Service request to change drive mode custom_messages.srv.SetMode_Request(mode='automatic')
[drive_hardware-6] [INFO] [1743098137.767293795] [drone_home1.drive_hardware]: Drive mode now: automatic
