[INFO] [launch]: All log files can be found below /root/.ros/log/2025-04-13-16-07-15-080391-drone-home-2302
[INFO] [launch]: Default logging verbosity is set to INFO
[INFO] [cv_controller-1]: process started with pid [2304]
[INFO] [controller-2]: process started with pid [2306]
[INFO] [pwm_publisher-3]: process started with pid [2308]
[INFO] [gps_publisher-4]: process started with pid [2310]
[INFO] [imu_publisher-5]: process started with pid [2312]
[INFO] [drive_hardware-6]: process started with pid [2314]
[controller-2] Traceback (most recent call last):
[controller-2]   File "/workspaces/drone_home-dev/drone-home/ros2_ws/install/drone_home/lib/drone_home/controller", line 33, in <module>
[controller-2]     sys.exit(load_entry_point('drone-home==0.0.0', 'console_scripts', 'controller')())
[controller-2]   File "/workspaces/drone_home-dev/drone-home/ros2_ws/install/drone_home/lib/drone_home/controller", line 25, in importlib_load_entry_point
[controller-2]     return next(matches).load()
[controller-2]   File "/usr/lib/python3.10/importlib/metadata/__init__.py", line 171, in load
[controller-2]     module = import_module(match.group('module'))
[controller-2]   File "/usr/lib/python3.10/importlib/__init__.py", line 126, in import_module
[controller-2]     return _bootstrap._gcd_import(name[level:], package, level)
[controller-2]   File "<frozen importlib._bootstrap>", line 1050, in _gcd_import
[controller-2]   File "<frozen importlib._bootstrap>", line 1027, in _find_and_load
[controller-2]   File "<frozen importlib._bootstrap>", line 1006, in _find_and_load_unlocked
[controller-2]   File "<frozen importlib._bootstrap>", line 688, in _load_unlocked
[controller-2]   File "<frozen importlib._bootstrap_external>", line 879, in exec_module
[controller-2]   File "<frozen importlib._bootstrap_external>", line 1017, in get_code
[controller-2]   File "<frozen importlib._bootstrap_external>", line 947, in source_to_code
[controller-2]   File "<frozen importlib._bootstrap>", line 241, in _call_with_frames_removed
[controller-2]   File "/workspaces/drone_home-dev/drone-home/ros2_ws/install/drone_home/lib/python3.10/site-packages/drone_home/controller.py", line 116
[controller-2]     self.get_logger().info((f"Going to {self.current_waypoint_index+1}: {distance:.2f} meters")) //TODO uncomment
[controller-2]                                                                                                         ^^^^^^^^^
[controller-2] SyntaxError: invalid syntax
[ERROR] [controller-2]: process has died [pid 2306, exit code 1, cmd '/workspaces/drone_home-dev/drone-home/ros2_ws/install/drone_home/lib/drone_home/controller --ros-args -r __node:=controller -r __ns:=/drone_home1'].
[cv_controller-1] [INFO] [1744574835.849491484] [drone_home1.sim]: CV Controller running
[gps_publisher-4] [INFO] [1744574836.185374540] [drone_home1.gps_publisher]: Connected GPS on /dev/ttyUSB0
[gps_publisher-4] [INFO] [1744574836.186567988] [drone_home1.gps_publisher]: GPS Initialized
[imu_publisher-5] [INFO] [1744574837.558935053] [drone_home1.imu_publisher]: Calibration status: (True, 'Calibration (sys:0, gyro:0, accel:3, mag:0)')
