[INFO] [launch]: All log files can be found below /root/.ros/log/2025-04-13-15-28-00-526560-drone-home-2938
[INFO] [launch]: Default logging verbosity is set to INFO
[INFO] [cv_controller-1]: process started with pid [2940]
[INFO] [controller-2]: process started with pid [2942]
[INFO] [pwm_publisher-3]: process started with pid [2944]
[INFO] [gps_publisher-4]: process started with pid [2946]
[INFO] [imu_publisher-5]: process started with pid [2948]
[INFO] [drive_hardware-6]: process started with pid [2950]
[cv_controller-1] [INFO] [1744572481.470867825] [drone_home1.sim]: CV Controller running
[controller-2] [INFO] [1744572481.602315640] [drone_home1.controller]: Controller running
[gps_publisher-4] [INFO] [1744572481.638613642] [drone_home1.gps_publisher]: Connected GPS on /dev/ttyUSB0
[gps_publisher-4] [INFO] [1744572481.639797094] [drone_home1.gps_publisher]: GPS Initialized
[controller-2] [INFO] [1744572481.707992387] [drone_home1.controller]: Service request to change coordinate custom_messages.srv.SetCoordinate_Request(new_coordinate=sensor_msgs.msg.NavSatFix(header=std_msgs.msg.Header(stamp=builtin_interfaces.msg.Time(sec=0, nanosec=0), frame_id=''), status=sensor_msgs.msg.NavSatStatus(status=0, service=0), latitude=29.647124, longitude=-82.347037, altitude=0.0, position_covariance=array([0., 0., 0., 0., 0., 0., 0., 0., 0.]), position_covariance_type=0))
[controller-2] [INFO] [1744572481.709074972] [drone_home1.controller]: Waypoints now: [(29.647124, -82.347037)]
[drive_hardware-6] [INFO] [1744572481.757443113] [drone_home1.drive_hardware]: Service request to change drive mode custom_messages.srv.SetMode_Request(mode='automatic')
[drive_hardware-6] [INFO] [1744572481.758454561] [drone_home1.drive_hardware]: Drive mode now: automatic
[imu_publisher-5] [INFO] [1744572483.205152750] [drone_home1.imu_publisher]: Calibration status: (False, 'Calibration (sys:0, gyro:0, accel:3, mag:0)')
[imu_publisher-5] [INFO] [1744572483.708738102] [drone_home1.imu_publisher]: Calibration status: (False, 'Calibration (sys:1, gyro:0, accel:3, mag:0)')
[imu_publisher-5] [INFO] [1744572484.211587979] [drone_home1.imu_publisher]: Calibration status: (False, 'Calibration (sys:3, gyro:3, accel:1, mag:0)')
[imu_publisher-5] [INFO] [1744572484.715092749] [drone_home1.imu_publisher]: Calibration status: (False, 'Calibration (sys:3, gyro:3, accel:1, mag:0)')
[imu_publisher-5] [INFO] [1744572485.217446929] [drone_home1.imu_publisher]: Calibration status: (False, 'Calibration (sys:3, gyro:3, accel:1, mag:3)')
[imu_publisher-5] [INFO] [1744572485.720285342] [drone_home1.imu_publisher]: Calibration status: (False, 'Calibration (sys:3, gyro:3, accel:1, mag:3)')
[imu_publisher-5] [INFO] [1744572486.223047399] [drone_home1.imu_publisher]: Calibration status: (False, 'Calibration (sys:3, gyro:3, accel:1, mag:3)')
[imu_publisher-5] [INFO] [1744572486.735233898] [drone_home1.imu_publisher]: Calibration status: (False, 'Calibration (sys:3, gyro:3, accel:1, mag:3)')
[imu_publisher-5] [INFO] [1744572487.238579611] [drone_home1.imu_publisher]: Calibration status: (False, 'Calibration (sys:3, gyro:3, accel:1, mag:3)')
[imu_publisher-5] [INFO] [1744572487.741422046] [drone_home1.imu_publisher]: Calibration status: (False, 'Calibration (sys:3, gyro:3, accel:1, mag:3)')
[imu_publisher-5] [INFO] [1744572488.244170909] [drone_home1.imu_publisher]: Calibration status: (False, 'Calibration (sys:3, gyro:3, accel:1, mag:3)')
[imu_publisher-5] [INFO] [1744572488.748299161] [drone_home1.imu_publisher]: Calibration status: (False, 'Calibration (sys:3, gyro:3, accel:1, mag:3)')
[imu_publisher-5] [INFO] [1744572489.250774764] [drone_home1.imu_publisher]: Calibration status: (False, 'Calibration (sys:3, gyro:3, accel:1, mag:3)')
[imu_publisher-5] [INFO] [1744572489.753276541] [drone_home1.imu_publisher]: Calibration status: (False, 'Calibration (sys:3, gyro:3, accel:1, mag:3)')
[imu_publisher-5] [INFO] [1744572490.255433764] [drone_home1.imu_publisher]: Calibration status: (False, 'Calibration (sys:3, gyro:3, accel:1, mag:3)')
[imu_publisher-5] [INFO] [1744572490.757914576] [drone_home1.imu_publisher]: Calibration status: (False, 'Calibration (sys:3, gyro:3, accel:1, mag:3)')
[imu_publisher-5] [INFO] [1744572491.261146923] [drone_home1.imu_publisher]: Calibration status: (False, 'Calibration (sys:3, gyro:3, accel:1, mag:3)')
[imu_publisher-5] [INFO] [1744572491.763384396] [drone_home1.imu_publisher]: Calibration status: (False, 'Calibration (sys:3, gyro:3, accel:1, mag:3)')
[imu_publisher-5] [INFO] [1744572492.266724420] [drone_home1.imu_publisher]: Calibration status: (False, 'Calibration (sys:3, gyro:3, accel:1, mag:3)')
[imu_publisher-5] [INFO] [1744572492.769533646] [drone_home1.imu_publisher]: Calibration status: (False, 'Calibration (sys:3, gyro:3, accel:1, mag:3)')
[imu_publisher-5] [INFO] [1744572493.272048206] [drone_home1.imu_publisher]: Calibration status: (False, 'Calibration (sys:3, gyro:3, accel:1, mag:3)')
[imu_publisher-5] [INFO] [1744572493.774513547] [drone_home1.imu_publisher]: Calibration status: (False, 'Calibration (sys:3, gyro:3, accel:1, mag:3)')
[imu_publisher-5] [INFO] [1744572494.277015014] [drone_home1.imu_publisher]: Calibration status: (False, 'Calibration (sys:3, gyro:3, accel:1, mag:3)')
[imu_publisher-5] [INFO] [1744572494.779546080] [drone_home1.imu_publisher]: Calibration status: (False, 'Calibration (sys:3, gyro:3, accel:1, mag:3)')
[imu_publisher-5] [INFO] [1744572495.282821928] [drone_home1.imu_publisher]: Calibration status: (False, 'Calibration (sys:3, gyro:3, accel:1, mag:3)')
[imu_publisher-5] [INFO] [1744572495.785441951] [drone_home1.imu_publisher]: Calibration status: (False, 'Calibration (sys:3, gyro:3, accel:1, mag:3)')
[imu_publisher-5] [INFO] [1744572496.287942288] [drone_home1.imu_publisher]: Calibration status: (False, 'Calibration (sys:3, gyro:3, accel:1, mag:3)')
[imu_publisher-5] [INFO] [1744572496.790452576] [drone_home1.imu_publisher]: Calibration status: (False, 'Calibration (sys:3, gyro:3, accel:1, mag:3)')
[imu_publisher-5] [INFO] [1744572497.292918796] [drone_home1.imu_publisher]: Calibration status: (False, 'Calibration (sys:3, gyro:3, accel:1, mag:3)')
[imu_publisher-5] [INFO] [1744572497.795452951] [drone_home1.imu_publisher]: Calibration status: (False, 'Calibration (sys:3, gyro:3, accel:1, mag:3)')
[imu_publisher-5] [INFO] [1744572498.304368020] [drone_home1.imu_publisher]: Calibration status: (False, 'Calibration (sys:3, gyro:3, accel:1, mag:3)')
[imu_publisher-5] [INFO] [1744572498.807499528] [drone_home1.imu_publisher]: Calibration status: (False, 'Calibration (sys:3, gyro:3, accel:1, mag:3)')
[imu_publisher-5] [INFO] [1744572499.309991371] [drone_home1.imu_publisher]: Calibration status: (False, 'Calibration (sys:3, gyro:3, accel:1, mag:3)')
[imu_publisher-5] [INFO] [1744572499.812378313] [drone_home1.imu_publisher]: Calibration status: (False, 'Calibration (sys:3, gyro:3, accel:1, mag:3)')
[imu_publisher-5] [INFO] [1744572500.315337650] [drone_home1.imu_publisher]: Calibration status: (False, 'Calibration (sys:3, gyro:3, accel:1, mag:3)')
[imu_publisher-5] [INFO] [1744572500.818276729] [drone_home1.imu_publisher]: Calibration status: (False, 'Calibration (sys:3, gyro:3, accel:1, mag:3)')
[imu_publisher-5] [INFO] [1744572501.323959420] [drone_home1.imu_publisher]: Calibration status: (False, 'Calibration (sys:3, gyro:3, accel:1, mag:3)')
[imu_publisher-5] [INFO] [1744572501.827030177] [drone_home1.imu_publisher]: Calibration status: (False, 'Calibration (sys:3, gyro:3, accel:1, mag:3)')
[imu_publisher-5] [INFO] [1744572502.329325009] [drone_home1.imu_publisher]: Calibration status: (False, 'Calibration (sys:3, gyro:3, accel:1, mag:3)')
[imu_publisher-5] [INFO] [1744572502.832084842] [drone_home1.imu_publisher]: Calibration status: (False, 'Calibration (sys:3, gyro:3, accel:1, mag:3)')
[imu_publisher-5] [INFO] [1744572503.335006051] [drone_home1.imu_publisher]: Calibration status: (False, 'Calibration (sys:3, gyro:3, accel:1, mag:3)')
[imu_publisher-5] [INFO] [1744572503.840059085] [drone_home1.imu_publisher]: Calibration status: (False, 'Calibration (sys:3, gyro:3, accel:1, mag:3)')
[imu_publisher-5] [INFO] [1744572504.342935169] [drone_home1.imu_publisher]: Calibration status: (False, 'Calibration (sys:3, gyro:3, accel:1, mag:3)')
[imu_publisher-5] [INFO] [1744572504.846354592] [drone_home1.imu_publisher]: Calibration status: (False, 'Calibration (sys:3, gyro:3, accel:1, mag:3)')
[imu_publisher-5] [INFO] [1744572505.349706234] [drone_home1.imu_publisher]: Calibration status: (False, 'Calibration (sys:3, gyro:3, accel:1, mag:3)')
[imu_publisher-5] [INFO] [1744572505.851835030] [drone_home1.imu_publisher]: Calibration status: (False, 'Calibration (sys:3, gyro:3, accel:1, mag:3)')
[imu_publisher-5] [INFO] [1744572506.354253910] [drone_home1.imu_publisher]: Calibration status: (False, 'Calibration (sys:3, gyro:3, accel:1, mag:3)')
[imu_publisher-5] [INFO] [1744572506.857191937] [drone_home1.imu_publisher]: Calibration status: (False, 'Calibration (sys:3, gyro:3, accel:1, mag:3)')
[imu_publisher-5] [INFO] [1744572507.359714239] [drone_home1.imu_publisher]: Calibration status: (False, 'Calibration (sys:3, gyro:3, accel:1, mag:3)')
[imu_publisher-5] [INFO] [1744572507.862227867] [drone_home1.imu_publisher]: Calibration status: (False, 'Calibration (sys:3, gyro:3, accel:1, mag:3)')
[imu_publisher-5] [INFO] [1744572508.365050587] [drone_home1.imu_publisher]: Calibration status: (False, 'Calibration (sys:3, gyro:3, accel:1, mag:3)')
[imu_publisher-5] [INFO] [1744572508.867639860] [drone_home1.imu_publisher]: Calibration status: (False, 'Calibration (sys:3, gyro:3, accel:1, mag:3)')
[imu_publisher-5] [INFO] [1744572509.369856066] [drone_home1.imu_publisher]: Calibration status: (False, 'Calibration (sys:3, gyro:3, accel:1, mag:3)')
[imu_publisher-5] [INFO] [1744572509.875056115] [drone_home1.imu_publisher]: Calibration status: (False, 'Calibration (sys:3, gyro:3, accel:1, mag:3)')
[imu_publisher-5] [INFO] [1744572510.378622075] [drone_home1.imu_publisher]: Calibration status: (False, 'Calibration (sys:3, gyro:3, accel:1, mag:3)')
[imu_publisher-5] [INFO] [1744572510.881909371] [drone_home1.imu_publisher]: Calibration status: (False, 'Calibration (sys:3, gyro:3, accel:1, mag:3)')
[imu_publisher-5] [INFO] [1744572511.384959827] [drone_home1.imu_publisher]: Calibration status: (False, 'Calibration (sys:3, gyro:3, accel:1, mag:3)')
[imu_publisher-5] [INFO] [1744572511.891123409] [drone_home1.imu_publisher]: Calibration status: (False, 'Calibration (sys:3, gyro:3, accel:1, mag:3)')
[imu_publisher-5] [INFO] [1744572512.394169028] [drone_home1.imu_publisher]: Calibration status: (False, 'Calibration (sys:3, gyro:3, accel:1, mag:3)')
[imu_publisher-5] [INFO] [1744572512.896679785] [drone_home1.imu_publisher]: Calibration status: (False, 'Calibration (sys:3, gyro:3, accel:1, mag:3)')
[imu_publisher-5] [INFO] [1744572513.400065664] [drone_home1.imu_publisher]: Calibration status: (False, 'Calibration (sys:3, gyro:3, accel:1, mag:3)')
[imu_publisher-5] [INFO] [1744572513.903602008] [drone_home1.imu_publisher]: Calibration status: (False, 'Calibration (sys:3, gyro:3, accel:1, mag:3)')
[imu_publisher-5] [INFO] [1744572514.406243257] [drone_home1.imu_publisher]: Calibration status: (False, 'Calibration (sys:3, gyro:3, accel:1, mag:3)')
[imu_publisher-5] [INFO] [1744572514.908915225] [drone_home1.imu_publisher]: Calibration status: (False, 'Calibration (sys:3, gyro:3, accel:1, mag:3)')
[imu_publisher-5] [INFO] [1744572515.411205197] [drone_home1.imu_publisher]: Calibration status: (False, 'Calibration (sys:3, gyro:3, accel:1, mag:3)')
[imu_publisher-5] [INFO] [1744572515.913864840] [drone_home1.imu_publisher]: Calibration status: (False, 'Calibration (sys:3, gyro:3, accel:1, mag:3)')
[imu_publisher-5] [INFO] [1744572516.416954282] [drone_home1.imu_publisher]: Calibration status: (False, 'Calibration (sys:3, gyro:3, accel:1, mag:3)')
[imu_publisher-5] [INFO] [1744572516.919390620] [drone_home1.imu_publisher]: Calibration status: (False, 'Calibration (sys:3, gyro:3, accel:1, mag:3)')
[imu_publisher-5] [INFO] [1744572517.423859833] [drone_home1.imu_publisher]: Calibration status: (False, 'Calibration (sys:3, gyro:3, accel:1, mag:3)')
[imu_publisher-5] [INFO] [1744572517.926794578] [drone_home1.imu_publisher]: Calibration status: (False, 'Calibration (sys:3, gyro:3, accel:1, mag:3)')
[imu_publisher-5] [INFO] [1744572518.429479746] [drone_home1.imu_publisher]: Calibration status: (False, 'Calibration (sys:3, gyro:3, accel:1, mag:3)')
[imu_publisher-5] [INFO] [1744572518.935622752] [drone_home1.imu_publisher]: Calibration status: (False, 'Calibration (sys:3, gyro:3, accel:1, mag:3)')
[imu_publisher-5] [INFO] [1744572519.438781526] [drone_home1.imu_publisher]: Calibration status: (False, 'Calibration (sys:3, gyro:3, accel:1, mag:3)')
[imu_publisher-5] [INFO] [1744572519.941834697] [drone_home1.imu_publisher]: Calibration status: (False, 'Calibration (sys:3, gyro:3, accel:1, mag:3)')
[imu_publisher-5] [INFO] [1744572520.444948634] [drone_home1.imu_publisher]: Calibration status: (False, 'Calibration (sys:3, gyro:3, accel:1, mag:3)')
[imu_publisher-5] [INFO] [1744572520.948348464] [drone_home1.imu_publisher]: Calibration status: (False, 'Calibration (sys:3, gyro:3, accel:1, mag:3)')
[imu_publisher-5] [INFO] [1744572521.451553278] [drone_home1.imu_publisher]: Calibration status: (False, 'Calibration (sys:3, gyro:3, accel:1, mag:3)')
[imu_publisher-5] [INFO] [1744572521.954728172] [drone_home1.imu_publisher]: Calibration status: (False, 'Calibration (sys:3, gyro:3, accel:1, mag:3)')
[imu_publisher-5] [INFO] [1744572522.457880148] [drone_home1.imu_publisher]: Calibration status: (False, 'Calibration (sys:3, gyro:3, accel:1, mag:3)')
[imu_publisher-5] [INFO] [1744572522.961166879] [drone_home1.imu_publisher]: Calibration status: (False, 'Calibration (sys:3, gyro:3, accel:1, mag:3)')
[imu_publisher-5] [INFO] [1744572523.463714070] [drone_home1.imu_publisher]: Calibration status: (False, 'Calibration (sys:3, gyro:3, accel:1, mag:3)')
[imu_publisher-5] [INFO] [1744572523.966584883] [drone_home1.imu_publisher]: Calibration status: (False, 'Calibration (sys:3, gyro:3, accel:1, mag:3)')
[imu_publisher-5] [INFO] [1744572524.471485307] [drone_home1.imu_publisher]: Calibration status: (False, 'Calibration (sys:3, gyro:3, accel:1, mag:3)')
[imu_publisher-5] [INFO] [1744572524.974081710] [drone_home1.imu_publisher]: Calibration status: (False, 'Calibration (sys:3, gyro:3, accel:1, mag:3)')
[imu_publisher-5] [INFO] [1744572525.476575003] [drone_home1.imu_publisher]: Calibration status: (False, 'Calibration (sys:3, gyro:3, accel:1, mag:3)')
[imu_publisher-5] [INFO] [1744572525.979210762] [drone_home1.imu_publisher]: Calibration status: (False, 'Calibration (sys:3, gyro:3, accel:1, mag:3)')
[imu_publisher-5] [INFO] [1744572526.481700658] [drone_home1.imu_publisher]: Calibration status: (False, 'Calibration (sys:3, gyro:3, accel:1, mag:3)')
[imu_publisher-5] [INFO] [1744572526.984074967] [drone_home1.imu_publisher]: Calibration status: (False, 'Calibration (sys:3, gyro:3, accel:1, mag:3)')
[imu_publisher-5] [INFO] [1744572527.486532666] [drone_home1.imu_publisher]: Calibration status: (False, 'Calibration (sys:3, gyro:3, accel:1, mag:3)')
[imu_publisher-5] [INFO] [1744572527.988968253] [drone_home1.imu_publisher]: Calibration status: (False, 'Calibration (sys:3, gyro:3, accel:1, mag:3)')
[imu_publisher-5] [INFO] [1744572528.491502301] [drone_home1.imu_publisher]: Calibration status: (False, 'Calibration (sys:3, gyro:3, accel:1, mag:3)')
[imu_publisher-5] [INFO] [1744572528.994134656] [drone_home1.imu_publisher]: Calibration status: (False, 'Calibration (sys:3, gyro:3, accel:1, mag:3)')
[imu_publisher-5] [INFO] [1744572529.496605338] [drone_home1.imu_publisher]: Calibration status: (False, 'Calibration (sys:3, gyro:3, accel:1, mag:3)')
[imu_publisher-5] [INFO] [1744572529.999373148] [drone_home1.imu_publisher]: Calibration status: (False, 'Calibration (sys:3, gyro:3, accel:1, mag:3)')
[imu_publisher-5] [INFO] [1744572530.501871507] [drone_home1.imu_publisher]: Calibration status: (False, 'Calibration (sys:3, gyro:3, accel:1, mag:3)')
[imu_publisher-5] [INFO] [1744572531.004634128] [drone_home1.imu_publisher]: Calibration status: (False, 'Calibration (sys:3, gyro:3, accel:1, mag:3)')
[imu_publisher-5] [INFO] [1744572531.507469035] [drone_home1.imu_publisher]: Calibration status: (False, 'Calibration (sys:3, gyro:3, accel:1, mag:3)')
[imu_publisher-5] [INFO] [1744572532.010385928] [drone_home1.imu_publisher]: Calibration status: (False, 'Calibration (sys:3, gyro:3, accel:1, mag:3)')
[imu_publisher-5] [INFO] [1744572532.512894711] [drone_home1.imu_publisher]: Calibration status: (False, 'Calibration (sys:3, gyro:3, accel:1, mag:3)')
[imu_publisher-5] [INFO] [1744572533.016183544] [drone_home1.imu_publisher]: Calibration status: (False, 'Calibration (sys:3, gyro:3, accel:1, mag:3)')
[imu_publisher-5] [INFO] [1744572533.518970377] [drone_home1.imu_publisher]: Calibration status: (False, 'Calibration (sys:3, gyro:3, accel:1, mag:3)')
[imu_publisher-5] [INFO] [1744572534.021505364] [drone_home1.imu_publisher]: Calibration status: (False, 'Calibration (sys:3, gyro:3, accel:1, mag:3)')
[imu_publisher-5] [INFO] [1744572534.524132446] [drone_home1.imu_publisher]: Calibration status: (False, 'Calibration (sys:3, gyro:3, accel:1, mag:3)')
[imu_publisher-5] [INFO] [1744572535.026832681] [drone_home1.imu_publisher]: Calibration status: (False, 'Calibration (sys:3, gyro:3, accel:1, mag:3)')
[imu_publisher-5] [INFO] [1744572535.529424909] [drone_home1.imu_publisher]: Calibration status: (False, 'Calibration (sys:3, gyro:3, accel:1, mag:3)')
[imu_publisher-5] [INFO] [1744572536.031996049] [drone_home1.imu_publisher]: Calibration status: (False, 'Calibration (sys:3, gyro:3, accel:1, mag:3)')
[imu_publisher-5] [INFO] [1744572536.534547697] [drone_home1.imu_publisher]: Calibration status: (False, 'Calibration (sys:3, gyro:3, accel:1, mag:3)')
[imu_publisher-5] [INFO] [1744572537.037161874] [drone_home1.imu_publisher]: Calibration status: (False, 'Calibration (sys:3, gyro:3, accel:1, mag:3)')
[imu_publisher-5] [INFO] [1744572537.539879313] [drone_home1.imu_publisher]: Calibration status: (False, 'Calibration (sys:3, gyro:3, accel:1, mag:3)')
[imu_publisher-5] [INFO] [1744572538.042644081] [drone_home1.imu_publisher]: Calibration status: (False, 'Calibration (sys:3, gyro:3, accel:1, mag:3)')
[imu_publisher-5] [INFO] [1744572538.545426414] [drone_home1.imu_publisher]: Calibration status: (False, 'Calibration (sys:3, gyro:3, accel:1, mag:3)')
[imu_publisher-5] [INFO] [1744572539.048115912] [drone_home1.imu_publisher]: Calibration status: (False, 'Calibration (sys:3, gyro:3, accel:1, mag:3)')
[imu_publisher-5] [INFO] [1744572539.550992259] [drone_home1.imu_publisher]: Calibration status: (False, 'Calibration (sys:3, gyro:3, accel:1, mag:3)')
[imu_publisher-5] [INFO] [1744572540.053931295] [drone_home1.imu_publisher]: Calibration status: (False, 'Calibration (sys:3, gyro:3, accel:1, mag:3)')
[imu_publisher-5] [INFO] [1744572540.556659154] [drone_home1.imu_publisher]: Calibration status: (False, 'Calibration (sys:3, gyro:3, accel:1, mag:3)')
[imu_publisher-5] [INFO] [1744572541.059298563] [drone_home1.imu_publisher]: Calibration status: (False, 'Calibration (sys:3, gyro:3, accel:1, mag:3)')
[imu_publisher-5] [INFO] [1744572541.562134613] [drone_home1.imu_publisher]: Calibration status: (False, 'Calibration (sys:3, gyro:3, accel:1, mag:3)')
[imu_publisher-5] [INFO] [1744572542.064788546] [drone_home1.imu_publisher]: Calibration status: (False, 'Calibration (sys:3, gyro:3, accel:1, mag:3)')
[imu_publisher-5] [INFO] [1744572542.570242988] [drone_home1.imu_publisher]: Calibration status: (False, 'Calibration (sys:3, gyro:3, accel:1, mag:3)')
[imu_publisher-5] [INFO] [1744572543.072791955] [drone_home1.imu_publisher]: Calibration status: (False, 'Calibration (sys:3, gyro:3, accel:1, mag:3)')
[imu_publisher-5] [INFO] [1744572543.575505466] [drone_home1.imu_publisher]: Calibration status: (False, 'Calibration (sys:3, gyro:3, accel:1, mag:3)')
[imu_publisher-5] [INFO] [1744572544.078096669] [drone_home1.imu_publisher]: Calibration status: (False, 'Calibration (sys:3, gyro:3, accel:1, mag:3)')
[imu_publisher-5] [INFO] [1744572544.580725855] [drone_home1.imu_publisher]: Calibration status: (False, 'Calibration (sys:3, gyro:3, accel:1, mag:3)')
[imu_publisher-5] [INFO] [1744572545.088149293] [drone_home1.imu_publisher]: Calibration status: (False, 'Calibration (sys:3, gyro:3, accel:1, mag:3)')
[imu_publisher-5] [INFO] [1744572545.591247445] [drone_home1.imu_publisher]: Calibration status: (False, 'Calibration (sys:3, gyro:3, accel:1, mag:3)')
[imu_publisher-5] [INFO] [1744572546.094407357] [drone_home1.imu_publisher]: Calibration status: (False, 'Calibration (sys:3, gyro:3, accel:1, mag:3)')
[imu_publisher-5] [INFO] [1744572546.597745447] [drone_home1.imu_publisher]: Calibration status: (False, 'Calibration (sys:3, gyro:3, accel:1, mag:3)')
[imu_publisher-5] [INFO] [1744572547.100922572] [drone_home1.imu_publisher]: Calibration status: (False, 'Calibration (sys:3, gyro:3, accel:1, mag:3)')
[imu_publisher-5] [INFO] [1744572547.610739877] [drone_home1.imu_publisher]: Calibration status: (False, 'Calibration (sys:3, gyro:3, accel:1, mag:3)')
[imu_publisher-5] [INFO] [1744572548.113791299] [drone_home1.imu_publisher]: Calibration status: (False, 'Calibration (sys:3, gyro:3, accel:1, mag:3)')
[imu_publisher-5] [INFO] [1744572548.616859135] [drone_home1.imu_publisher]: Calibration status: (False, 'Calibration (sys:3, gyro:3, accel:1, mag:3)')
[imu_publisher-5] [INFO] [1744572549.120055708] [drone_home1.imu_publisher]: Calibration status: (False, 'Calibration (sys:3, gyro:3, accel:1, mag:3)')
[imu_publisher-5] [INFO] [1744572549.623293304] [drone_home1.imu_publisher]: Calibration status: (False, 'Calibration (sys:3, gyro:3, accel:1, mag:3)')
[imu_publisher-5] [INFO] [1744572550.126971036] [drone_home1.imu_publisher]: Calibration status: (False, 'Calibration (sys:3, gyro:3, accel:1, mag:3)')
[imu_publisher-5] [INFO] [1744572550.630117138] [drone_home1.imu_publisher]: Calibration status: (False, 'Calibration (sys:3, gyro:3, accel:1, mag:3)')
[imu_publisher-5] [INFO] [1744572551.133290183] [drone_home1.imu_publisher]: Calibration status: (False, 'Calibration (sys:3, gyro:3, accel:1, mag:3)')
[imu_publisher-5] [INFO] [1744572551.636031375] [drone_home1.imu_publisher]: Calibration status: (False, 'Calibration (sys:3, gyro:3, accel:1, mag:3)')
[imu_publisher-5] [INFO] [1744572552.139356740] [drone_home1.imu_publisher]: Calibration status: (False, 'Calibration (sys:3, gyro:3, accel:1, mag:3)')
[imu_publisher-5] [INFO] [1744572552.642993981] [drone_home1.imu_publisher]: Calibration status: (False, 'Calibration (sys:3, gyro:3, accel:1, mag:3)')
[imu_publisher-5] [INFO] [1744572553.145769473] [drone_home1.imu_publisher]: Calibration status: (False, 'Calibration (sys:3, gyro:3, accel:1, mag:3)')
[imu_publisher-5] [INFO] [1744572553.648954284] [drone_home1.imu_publisher]: Calibration status: (False, 'Calibration (sys:3, gyro:3, accel:1, mag:3)')
[imu_publisher-5] [INFO] [1744572554.151203040] [drone_home1.imu_publisher]: Calibration status: (False, 'Calibration (sys:3, gyro:3, accel:1, mag:3)')
[imu_publisher-5] [INFO] [1744572554.653966718] [drone_home1.imu_publisher]: Calibration status: (False, 'Calibration (sys:3, gyro:3, accel:1, mag:3)')
[imu_publisher-5] [INFO] [1744572555.156936063] [drone_home1.imu_publisher]: Calibration status: (False, 'Calibration (sys:3, gyro:3, accel:1, mag:3)')
[imu_publisher-5] [INFO] [1744572555.659513940] [drone_home1.imu_publisher]: Calibration status: (False, 'Calibration (sys:3, gyro:3, accel:1, mag:3)')
[imu_publisher-5] [INFO] [1744572556.162274061] [drone_home1.imu_publisher]: Calibration status: (False, 'Calibration (sys:3, gyro:3, accel:1, mag:3)')
[imu_publisher-5] [INFO] [1744572556.665075075] [drone_home1.imu_publisher]: Calibration status: (False, 'Calibration (sys:3, gyro:3, accel:1, mag:3)')
[imu_publisher-5] [INFO] [1744572557.167962171] [drone_home1.imu_publisher]: Calibration status: (False, 'Calibration (sys:3, gyro:3, accel:1, mag:3)')
[imu_publisher-5] [INFO] [1744572557.670521992] [drone_home1.imu_publisher]: Calibration status: (False, 'Calibration (sys:3, gyro:3, accel:1, mag:3)')
[imu_publisher-5] [INFO] [1744572558.173356794] [drone_home1.imu_publisher]: Calibration status: (False, 'Calibration (sys:3, gyro:3, accel:1, mag:3)')
[imu_publisher-5] [INFO] [1744572558.675853731] [drone_home1.imu_publisher]: Calibration status: (False, 'Calibration (sys:3, gyro:3, accel:1, mag:3)')
[imu_publisher-5] [INFO] [1744572559.178891158] [drone_home1.imu_publisher]: Calibration status: (False, 'Calibration (sys:3, gyro:3, accel:1, mag:3)')
[imu_publisher-5] [INFO] [1744572559.682153516] [drone_home1.imu_publisher]: Calibration status: (False, 'Calibration (sys:3, gyro:3, accel:1, mag:3)')
[imu_publisher-5] [INFO] [1744572560.184654895] [drone_home1.imu_publisher]: Calibration status: (False, 'Calibration (sys:3, gyro:3, accel:1, mag:3)')
[imu_publisher-5] [INFO] [1744572560.687103951] [drone_home1.imu_publisher]: Calibration status: (False, 'Calibration (sys:3, gyro:3, accel:1, mag:3)')
[imu_publisher-5] [INFO] [1744572561.189730705] [drone_home1.imu_publisher]: Calibration status: (False, 'Calibration (sys:3, gyro:3, accel:1, mag:3)')
[imu_publisher-5] [INFO] [1744572561.692508020] [drone_home1.imu_publisher]: Calibration status: (False, 'Calibration (sys:3, gyro:3, accel:1, mag:3)')
[imu_publisher-5] [INFO] [1744572562.195251414] [drone_home1.imu_publisher]: Calibration status: (False, 'Calibration (sys:3, gyro:3, accel:1, mag:3)')
[imu_publisher-5] [INFO] [1744572562.698849960] [drone_home1.imu_publisher]: Calibration status: (False, 'Calibration (sys:3, gyro:3, accel:1, mag:3)')
[imu_publisher-5] [INFO] [1744572563.201285151] [drone_home1.imu_publisher]: Calibration status: (False, 'Calibration (sys:3, gyro:3, accel:1, mag:3)')
[imu_publisher-5] [INFO] [1744572563.703618608] [drone_home1.imu_publisher]: Calibration status: (False, 'Calibration (sys:3, gyro:3, accel:1, mag:3)')
[imu_publisher-5] [INFO] [1744572564.206754547] [drone_home1.imu_publisher]: Calibration status: (False, 'Calibration (sys:3, gyro:3, accel:1, mag:3)')
[imu_publisher-5] [INFO] [1744572564.724653443] [drone_home1.imu_publisher]: Calibration status: (False, 'Calibration (sys:3, gyro:3, accel:1, mag:3)')
[imu_publisher-5] [INFO] [1744572565.233509092] [drone_home1.imu_publisher]: Calibration status: (False, 'Calibration (sys:3, gyro:3, accel:1, mag:3)')
[imu_publisher-5] [INFO] [1744572565.736440572] [drone_home1.imu_publisher]: Calibration status: (False, 'Calibration (sys:3, gyro:3, accel:1, mag:3)')
[imu_publisher-5] [INFO] [1744572566.238956553] [drone_home1.imu_publisher]: Calibration status: (False, 'Calibration (sys:3, gyro:3, accel:1, mag:3)')
[imu_publisher-5] [INFO] [1744572566.741392786] [drone_home1.imu_publisher]: Calibration status: (False, 'Calibration (sys:3, gyro:3, accel:1, mag:3)')
[imu_publisher-5] [INFO] [1744572567.244917779] [drone_home1.imu_publisher]: Calibration status: (False, 'Calibration (sys:3, gyro:3, accel:1, mag:3)')
[imu_publisher-5] [INFO] [1744572567.747357528] [drone_home1.imu_publisher]: Calibration status: (False, 'Calibration (sys:3, gyro:3, accel:1, mag:3)')
[imu_publisher-5] [INFO] [1744572568.249476597] [drone_home1.imu_publisher]: Calibration status: (False, 'Calibration (sys:3, gyro:3, accel:1, mag:3)')
[imu_publisher-5] [INFO] [1744572568.751868822] [drone_home1.imu_publisher]: Calibration status: (False, 'Calibration (sys:3, gyro:3, accel:1, mag:3)')
[imu_publisher-5] [INFO] [1744572569.254418073] [drone_home1.imu_publisher]: Calibration status: (False, 'Calibration (sys:3, gyro:3, accel:1, mag:3)')
[imu_publisher-5] [INFO] [1744572569.756955642] [drone_home1.imu_publisher]: Calibration status: (False, 'Calibration (sys:3, gyro:3, accel:1, mag:3)')
[imu_publisher-5] [INFO] [1744572570.259370870] [drone_home1.imu_publisher]: Calibration status: (False, 'Calibration (sys:3, gyro:3, accel:1, mag:3)')
[imu_publisher-5] [INFO] [1744572570.762430719] [drone_home1.imu_publisher]: Calibration status: (False, 'Calibration (sys:3, gyro:3, accel:1, mag:3)')
[imu_publisher-5] [INFO] [1744572571.265509127] [drone_home1.imu_publisher]: Calibration status: (False, 'Calibration (sys:3, gyro:3, accel:1, mag:3)')
[imu_publisher-5] [INFO] [1744572571.767938078] [drone_home1.imu_publisher]: Calibration status: (False, 'Calibration (sys:3, gyro:3, accel:1, mag:3)')
[imu_publisher-5] [INFO] [1744572572.270370547] [drone_home1.imu_publisher]: Calibration status: (False, 'Calibration (sys:3, gyro:3, accel:1, mag:3)')
[imu_publisher-5] [INFO] [1744572572.772869897] [drone_home1.imu_publisher]: Calibration status: (False, 'Calibration (sys:3, gyro:3, accel:1, mag:3)')
[imu_publisher-5] [INFO] [1744572573.275314523] [drone_home1.imu_publisher]: Calibration status: (False, 'Calibration (sys:3, gyro:3, accel:1, mag:3)')
[imu_publisher-5] [INFO] [1744572573.777907407] [drone_home1.imu_publisher]: Calibration status: (False, 'Calibration (sys:3, gyro:3, accel:1, mag:3)')
[imu_publisher-5] [INFO] [1744572574.280512353] [drone_home1.imu_publisher]: Calibration status: (False, 'Calibration (sys:3, gyro:3, accel:1, mag:3)')
[imu_publisher-5] [INFO] [1744572574.783909315] [drone_home1.imu_publisher]: Calibration status: (False, 'Calibration (sys:3, gyro:3, accel:1, mag:3)')
[imu_publisher-5] [INFO] [1744572575.286293389] [drone_home1.imu_publisher]: Calibration status: (False, 'Calibration (sys:3, gyro:3, accel:1, mag:3)')
