[INFO] [launch]: All log files can be found below /root/.ros/log/2025-03-27-13-18-35-523932-drone-home-998
[INFO] [launch]: Default logging verbosity is set to INFO
[INFO] [cv_controller-1]: process started with pid [1000]
[INFO] [controller-2]: process started with pid [1002]
[INFO] [pwm_publisher-3]: process started with pid [1004]
[INFO] [gps_publisher-4]: process started with pid [1006]
[INFO] [imu_publisher-5]: process started with pid [1008]
[INFO] [drive_hardware-6]: process started with pid [1010]
[cv_controller-1] [INFO] [1743095916.395023407] [drone_home1.sim]: CV Controller running
[gps_publisher-4] [INFO] [1743095916.593573834] [drone_home1.gps_publisher]: Connected GPS on /dev/ttyUSB0
[gps_publisher-4] [INFO] [1743095916.597496825] [drone_home1.gps_publisher]: GPS Initialized
[controller-2] [INFO] [1743095916.759182416] [drone_home1.controller]: Controller running
[imu_publisher-5] [INFO] [1743095918.087942790] [drone_home1.imu_publisher]: Calibration status: (True, 'Calibration (sys:0, gyro:0, accel:3, mag:0)')
[controller-2] [INFO] [1743095962.226441562] [drone_home1.controller]: Service request to change coordinate custom_messages.srv.SetCoordinate_Request(new_coordinate=sensor_msgs.msg.NavSatFix(header=std_msgs.msg.Header(stamp=builtin_interfaces.msg.Time(sec=0, nanosec=0), frame_id=''), status=sensor_msgs.msg.NavSatStatus(status=0, service=0), latitude=29.64736, longitude=-82.34719, altitude=0.0, position_covariance=array([0., 0., 0., 0., 0., 0., 0., 0., 0.]), position_covariance_type=0))
[controller-2] [INFO] [1743095962.228254567] [drone_home1.controller]: Waypoints now: [(29.64736, -82.34719)]
[drive_hardware-6] [INFO] [1743095962.378729134] [drone_home1.drive_hardware]: Service request to change drive mode custom_messages.srv.SetMode_Request(mode='automatic')
[drive_hardware-6] [INFO] [1743095962.379696805] [drone_home1.drive_hardware]: Drive mode now: automatic
[controller-2] [INFO] [1743096058.241241653] [drone_home1.controller]: Service request to change coordinate custom_messages.srv.SetCoordinate_Request(new_coordinate=sensor_msgs.msg.NavSatFix(header=std_msgs.msg.Header(stamp=builtin_interfaces.msg.Time(sec=0, nanosec=0), frame_id=''), status=sensor_msgs.msg.NavSatStatus(status=0, service=0), latitude=29.64736, longitude=-82.34719, altitude=0.0, position_covariance=array([0., 0., 0., 0., 0., 0., 0., 0., 0.]), position_covariance_type=0))
[controller-2] [INFO] [1743096058.244605289] [drone_home1.controller]: Waypoints now: [(29.64736, -82.34719)]
[drive_hardware-6] [INFO] [1743096058.367535343] [drone_home1.drive_hardware]: Service request to change drive mode custom_messages.srv.SetMode_Request(mode='automatic')
[drive_hardware-6] [INFO] [1743096058.368397885] [drone_home1.drive_hardware]: Drive mode now: automatic
[drive_hardware-6] [INFO] [1743096116.007895008] [drone_home1.drive_hardware]: Service request to change drive mode custom_messages.srv.SetMode_Request(mode='manual')
[drive_hardware-6] [INFO] [1743096116.008793389] [drone_home1.drive_hardware]: Drive mode now: manual
[drive_hardware-6] [INFO] [1743096116.865855517] [drone_home1.drive_hardware]: Service request to change drive mode custom_messages.srv.SetMode_Request(mode='automatic')
[drive_hardware-6] [INFO] [1743096116.866783242] [drone_home1.drive_hardware]: Drive mode now: automatic
[drive_hardware-6] [INFO] [1743096119.001258560] [drone_home1.drive_hardware]: Service request to change drive mode custom_messages.srv.SetMode_Request(mode='manual')
[drive_hardware-6] [INFO] [1743096119.002211181] [drone_home1.drive_hardware]: Drive mode now: manual
