[0.397s] DEBUG:colcon:Command line arguments: ['/usr/bin/colcon', 'build']
[0.397s] DEBUG:colcon:Parsed command line arguments: Namespace(log_base=None, log_level=None, verb_name='build', build_base='build', install_base='install', merge_install=False, symlink_install=False, test_result_base=None, continue_on_error=False, executor='parallel', parallel_workers=6, event_handlers=None, ignore_user_meta=False, metas=['./colcon.meta'], base_paths=['.'], packages_ignore=None, packages_ignore_regex=None, paths=None, packages_up_to=None, packages_up_to_regex=None, packages_above=None, packages_above_and_dependencies=None, packages_above_depth=None, packages_select_by_dep=None, packages_skip_by_dep=None, packages_skip_up_to=None, packages_select_build_failed=False, packages_skip_build_finished=False, packages_select_test_failures=False, packages_skip_test_passed=False, packages_select=None, packages_skip=None, packages_select_regex=None, packages_skip_regex=None, packages_start=None, packages_end=None, cmake_args=None, cmake_target=None, cmake_target_skip_unavailable=False, cmake_clean_cache=False, cmake_clean_first=False, cmake_force_configure=False, ament_cmake_args=None, catkin_cmake_args=None, catkin_skip_building_tests=False, verb_parser=<colcon_defaults.argument_parser.defaults.DefaultArgumentsDecorator object at 0xffffb49aa680>, verb_extension=<colcon_core.verb.build.BuildVerb object at 0xffffb49aa200>, main=<bound method BuildVerb.main of <colcon_core.verb.build.BuildVerb object at 0xffffb49aa200>>)
[0.524s] Level 1:colcon.colcon_core.package_discovery:discover_packages(colcon_meta) check parameters
[0.524s] Level 1:colcon.colcon_core.package_discovery:discover_packages(recursive) check parameters
[0.524s] Level 1:colcon.colcon_core.package_discovery:discover_packages(ignore) check parameters
[0.524s] Level 1:colcon.colcon_core.package_discovery:discover_packages(path) check parameters
[0.524s] Level 1:colcon.colcon_core.package_discovery:discover_packages(colcon_meta) discover
[0.525s] Level 1:colcon.colcon_core.package_discovery:discover_packages(recursive) discover
[0.525s] INFO:colcon.colcon_core.package_discovery:Crawling recursively for packages in '/workspaces/drone_home-dev/drone-home/ros2_ws'
[0.525s] Level 1:colcon.colcon_core.package_identification:_identify(.) by extensions ['ignore', 'ignore_ament_install']
[0.525s] Level 1:colcon.colcon_core.package_identification:_identify(.) by extension 'ignore'
[0.526s] Level 1:colcon.colcon_core.package_identification:_identify(.) by extension 'ignore_ament_install'
[0.526s] Level 1:colcon.colcon_core.package_identification:_identify(.) by extensions ['colcon_pkg']
[0.526s] Level 1:colcon.colcon_core.package_identification:_identify(.) by extension 'colcon_pkg'
[0.526s] Level 1:colcon.colcon_core.package_identification:_identify(.) by extensions ['colcon_meta']
[0.526s] Level 1:colcon.colcon_core.package_identification:_identify(.) by extension 'colcon_meta'
[0.526s] Level 1:colcon.colcon_core.package_identification:_identify(.) by extensions ['ros']
[0.526s] Level 1:colcon.colcon_core.package_identification:_identify(.) by extension 'ros'
[0.566s] Level 1:colcon.colcon_core.package_identification:_identify(.) by extensions ['cmake', 'python']
[0.567s] Level 1:colcon.colcon_core.package_identification:_identify(.) by extension 'cmake'
[0.567s] Level 1:colcon.colcon_core.package_identification:_identify(.) by extension 'python'
[0.567s] Level 1:colcon.colcon_core.package_identification:_identify(.) by extensions ['python_setup_py']
[0.567s] Level 1:colcon.colcon_core.package_identification:_identify(.) by extension 'python_setup_py'
[0.568s] Level 1:colcon.colcon_core.package_identification:_identify(build) by extensions ['ignore', 'ignore_ament_install']
[0.568s] Level 1:colcon.colcon_core.package_identification:_identify(build) by extension 'ignore'
[0.568s] Level 1:colcon.colcon_core.package_identification:_identify(build) ignored
[0.568s] Level 1:colcon.colcon_core.package_identification:_identify(custom_messages) by extensions ['ignore', 'ignore_ament_install']
[0.569s] Level 1:colcon.colcon_core.package_identification:_identify(custom_messages) by extension 'ignore'
[0.569s] Level 1:colcon.colcon_core.package_identification:_identify(custom_messages) by extension 'ignore_ament_install'
[0.569s] Level 1:colcon.colcon_core.package_identification:_identify(custom_messages) by extensions ['colcon_pkg']
[0.569s] Level 1:colcon.colcon_core.package_identification:_identify(custom_messages) by extension 'colcon_pkg'
[0.569s] Level 1:colcon.colcon_core.package_identification:_identify(custom_messages) by extensions ['colcon_meta']
[0.569s] Level 1:colcon.colcon_core.package_identification:_identify(custom_messages) by extension 'colcon_meta'
[0.569s] Level 1:colcon.colcon_core.package_identification:_identify(custom_messages) by extensions ['ros']
[0.569s] Level 1:colcon.colcon_core.package_identification:_identify(custom_messages) by extension 'ros'
[0.576s] DEBUG:colcon.colcon_core.package_identification:Package 'custom_messages' with type 'ros.ament_cmake' and name 'custom_messages'
[0.577s] Level 1:colcon.colcon_core.package_identification:_identify(install) by extensions ['ignore', 'ignore_ament_install']
[0.577s] Level 1:colcon.colcon_core.package_identification:_identify(install) by extension 'ignore'
[0.577s] Level 1:colcon.colcon_core.package_identification:_identify(install) ignored
[0.577s] Level 1:colcon.colcon_core.package_identification:_identify(launch) by extensions ['ignore', 'ignore_ament_install']
[0.577s] Level 1:colcon.colcon_core.package_identification:_identify(launch) by extension 'ignore'
[0.578s] Level 1:colcon.colcon_core.package_identification:_identify(launch) by extension 'ignore_ament_install'
[0.578s] Level 1:colcon.colcon_core.package_identification:_identify(launch) by extensions ['colcon_pkg']
[0.578s] Level 1:colcon.colcon_core.package_identification:_identify(launch) by extension 'colcon_pkg'
[0.578s] Level 1:colcon.colcon_core.package_identification:_identify(launch) by extensions ['colcon_meta']
[0.578s] Level 1:colcon.colcon_core.package_identification:_identify(launch) by extension 'colcon_meta'
[0.578s] Level 1:colcon.colcon_core.package_identification:_identify(launch) by extensions ['ros']
[0.578s] Level 1:colcon.colcon_core.package_identification:_identify(launch) by extension 'ros'
[0.578s] Level 1:colcon.colcon_core.package_identification:_identify(launch) by extensions ['cmake', 'python']
[0.579s] Level 1:colcon.colcon_core.package_identification:_identify(launch) by extension 'cmake'
[0.579s] Level 1:colcon.colcon_core.package_identification:_identify(launch) by extension 'python'
[0.579s] Level 1:colcon.colcon_core.package_identification:_identify(launch) by extensions ['python_setup_py']
[0.579s] Level 1:colcon.colcon_core.package_identification:_identify(launch) by extension 'python_setup_py'
[0.579s] Level 1:colcon.colcon_core.package_identification:_identify(launch/__pycache__) by extensions ['ignore', 'ignore_ament_install']
[0.579s] Level 1:colcon.colcon_core.package_identification:_identify(launch/__pycache__) by extension 'ignore'
[0.579s] Level 1:colcon.colcon_core.package_identification:_identify(launch/__pycache__) by extension 'ignore_ament_install'
[0.580s] Level 1:colcon.colcon_core.package_identification:_identify(launch/__pycache__) by extensions ['colcon_pkg']
[0.580s] Level 1:colcon.colcon_core.package_identification:_identify(launch/__pycache__) by extension 'colcon_pkg'
[0.580s] Level 1:colcon.colcon_core.package_identification:_identify(launch/__pycache__) by extensions ['colcon_meta']
[0.580s] Level 1:colcon.colcon_core.package_identification:_identify(launch/__pycache__) by extension 'colcon_meta'
[0.580s] Level 1:colcon.colcon_core.package_identification:_identify(launch/__pycache__) by extensions ['ros']
[0.580s] Level 1:colcon.colcon_core.package_identification:_identify(launch/__pycache__) by extension 'ros'
[0.580s] Level 1:colcon.colcon_core.package_identification:_identify(launch/__pycache__) by extensions ['cmake', 'python']
[0.580s] Level 1:colcon.colcon_core.package_identification:_identify(launch/__pycache__) by extension 'cmake'
[0.580s] Level 1:colcon.colcon_core.package_identification:_identify(launch/__pycache__) by extension 'python'
[0.581s] Level 1:colcon.colcon_core.package_identification:_identify(launch/__pycache__) by extensions ['python_setup_py']
[0.581s] Level 1:colcon.colcon_core.package_identification:_identify(launch/__pycache__) by extension 'python_setup_py'
[0.581s] Level 1:colcon.colcon_core.package_identification:_identify(log) by extensions ['ignore', 'ignore_ament_install']
[0.581s] Level 1:colcon.colcon_core.package_identification:_identify(log) by extension 'ignore'
[0.582s] Level 1:colcon.colcon_core.package_identification:_identify(log) ignored
[0.582s] Level 1:colcon.colcon_core.package_identification:_identify(logs) by extensions ['ignore', 'ignore_ament_install']
[0.582s] Level 1:colcon.colcon_core.package_identification:_identify(logs) by extension 'ignore'
[0.583s] Level 1:colcon.colcon_core.package_identification:_identify(logs) by extension 'ignore_ament_install'
[0.583s] Level 1:colcon.colcon_core.package_identification:_identify(logs) by extensions ['colcon_pkg']
[0.583s] Level 1:colcon.colcon_core.package_identification:_identify(logs) by extension 'colcon_pkg'
[0.583s] Level 1:colcon.colcon_core.package_identification:_identify(logs) by extensions ['colcon_meta']
[0.583s] Level 1:colcon.colcon_core.package_identification:_identify(logs) by extension 'colcon_meta'
[0.583s] Level 1:colcon.colcon_core.package_identification:_identify(logs) by extensions ['ros']
[0.583s] Level 1:colcon.colcon_core.package_identification:_identify(logs) by extension 'ros'
[0.583s] Level 1:colcon.colcon_core.package_identification:_identify(logs) by extensions ['cmake', 'python']
[0.583s] Level 1:colcon.colcon_core.package_identification:_identify(logs) by extension 'cmake'
[0.584s] Level 1:colcon.colcon_core.package_identification:_identify(logs) by extension 'python'
[0.584s] Level 1:colcon.colcon_core.package_identification:_identify(logs) by extensions ['python_setup_py']
[0.584s] Level 1:colcon.colcon_core.package_identification:_identify(logs) by extension 'python_setup_py'
[0.584s] Level 1:colcon.colcon_core.package_identification:_identify(src) by extensions ['ignore', 'ignore_ament_install']
[0.584s] Level 1:colcon.colcon_core.package_identification:_identify(src) by extension 'ignore'
[0.584s] Level 1:colcon.colcon_core.package_identification:_identify(src) by extension 'ignore_ament_install'
[0.584s] Level 1:colcon.colcon_core.package_identification:_identify(src) by extensions ['colcon_pkg']
[0.584s] Level 1:colcon.colcon_core.package_identification:_identify(src) by extension 'colcon_pkg'
[0.585s] Level 1:colcon.colcon_core.package_identification:_identify(src) by extensions ['colcon_meta']
[0.585s] Level 1:colcon.colcon_core.package_identification:_identify(src) by extension 'colcon_meta'
[0.585s] Level 1:colcon.colcon_core.package_identification:_identify(src) by extensions ['ros']
[0.585s] Level 1:colcon.colcon_core.package_identification:_identify(src) by extension 'ros'
[0.585s] Level 1:colcon.colcon_core.package_identification:_identify(src) by extensions ['cmake', 'python']
[0.585s] Level 1:colcon.colcon_core.package_identification:_identify(src) by extension 'cmake'
[0.585s] Level 1:colcon.colcon_core.package_identification:_identify(src) by extension 'python'
[0.585s] Level 1:colcon.colcon_core.package_identification:_identify(src) by extensions ['python_setup_py']
[0.585s] Level 1:colcon.colcon_core.package_identification:_identify(src) by extension 'python_setup_py'
[0.586s] Level 1:colcon.colcon_core.package_identification:_identify(src/drone_home) by extensions ['ignore', 'ignore_ament_install']
[0.586s] Level 1:colcon.colcon_core.package_identification:_identify(src/drone_home) by extension 'ignore'
[0.586s] Level 1:colcon.colcon_core.package_identification:_identify(src/drone_home) by extension 'ignore_ament_install'
[0.586s] Level 1:colcon.colcon_core.package_identification:_identify(src/drone_home) by extensions ['colcon_pkg']
[0.586s] Level 1:colcon.colcon_core.package_identification:_identify(src/drone_home) by extension 'colcon_pkg'
[0.586s] Level 1:colcon.colcon_core.package_identification:_identify(src/drone_home) by extensions ['colcon_meta']
[0.586s] Level 1:colcon.colcon_core.package_identification:_identify(src/drone_home) by extension 'colcon_meta'
[0.586s] Level 1:colcon.colcon_core.package_identification:_identify(src/drone_home) by extensions ['ros']
[0.586s] Level 1:colcon.colcon_core.package_identification:_identify(src/drone_home) by extension 'ros'
[0.588s] DEBUG:colcon.colcon_core.package_identification:Package 'src/drone_home' with type 'ros.ament_python' and name 'drone_home'
[0.588s] Level 1:colcon.colcon_core.package_discovery:discover_packages(recursive) using defaults
[0.588s] Level 1:colcon.colcon_core.package_discovery:discover_packages(ignore) discover
[0.588s] Level 1:colcon.colcon_core.package_discovery:discover_packages(ignore) using defaults
[0.589s] Level 1:colcon.colcon_core.package_discovery:discover_packages(path) discover
[0.589s] Level 1:colcon.colcon_core.package_discovery:discover_packages(path) using defaults
[0.643s] Level 5:colcon.colcon_core.verb:set package 'custom_messages' build argument 'cmake_args' from command line to 'None'
[0.644s] Level 5:colcon.colcon_core.verb:set package 'custom_messages' build argument 'cmake_target' from command line to 'None'
[0.644s] Level 5:colcon.colcon_core.verb:set package 'custom_messages' build argument 'cmake_target_skip_unavailable' from command line to 'False'
[0.644s] Level 5:colcon.colcon_core.verb:set package 'custom_messages' build argument 'cmake_clean_cache' from command line to 'False'
[0.644s] Level 5:colcon.colcon_core.verb:set package 'custom_messages' build argument 'cmake_clean_first' from command line to 'False'
[0.644s] Level 5:colcon.colcon_core.verb:set package 'custom_messages' build argument 'cmake_force_configure' from command line to 'False'
[0.644s] Level 5:colcon.colcon_core.verb:set package 'custom_messages' build argument 'ament_cmake_args' from command line to 'None'
[0.644s] Level 5:colcon.colcon_core.verb:set package 'custom_messages' build argument 'catkin_cmake_args' from command line to 'None'
[0.644s] Level 5:colcon.colcon_core.verb:set package 'custom_messages' build argument 'catkin_skip_building_tests' from command line to 'False'
[0.644s] DEBUG:colcon.colcon_core.verb:Building package 'custom_messages' with the following arguments: {'ament_cmake_args': None, 'build_base': '/workspaces/drone_home-dev/drone-home/ros2_ws/build/custom_messages', 'catkin_cmake_args': None, 'catkin_skip_building_tests': False, 'cmake_args': None, 'cmake_clean_cache': False, 'cmake_clean_first': False, 'cmake_force_configure': False, 'cmake_target': None, 'cmake_target_skip_unavailable': False, 'install_base': '/workspaces/drone_home-dev/drone-home/ros2_ws/install/custom_messages', 'merge_install': False, 'path': '/workspaces/drone_home-dev/drone-home/ros2_ws/custom_messages', 'symlink_install': False, 'test_result_base': None}
[0.645s] Level 5:colcon.colcon_core.verb:set package 'drone_home' build argument 'cmake_args' from command line to 'None'
[0.645s] Level 5:colcon.colcon_core.verb:set package 'drone_home' build argument 'cmake_target' from command line to 'None'
[0.645s] Level 5:colcon.colcon_core.verb:set package 'drone_home' build argument 'cmake_target_skip_unavailable' from command line to 'False'
[0.645s] Level 5:colcon.colcon_core.verb:set package 'drone_home' build argument 'cmake_clean_cache' from command line to 'False'
[0.645s] Level 5:colcon.colcon_core.verb:set package 'drone_home' build argument 'cmake_clean_first' from command line to 'False'
[0.646s] Level 5:colcon.colcon_core.verb:set package 'drone_home' build argument 'cmake_force_configure' from command line to 'False'
[0.646s] Level 5:colcon.colcon_core.verb:set package 'drone_home' build argument 'ament_cmake_args' from command line to 'None'
[0.646s] Level 5:colcon.colcon_core.verb:set package 'drone_home' build argument 'catkin_cmake_args' from command line to 'None'
[0.646s] Level 5:colcon.colcon_core.verb:set package 'drone_home' build argument 'catkin_skip_building_tests' from command line to 'False'
[0.646s] DEBUG:colcon.colcon_core.verb:Building package 'drone_home' with the following arguments: {'ament_cmake_args': None, 'build_base': '/workspaces/drone_home-dev/drone-home/ros2_ws/build/drone_home', 'catkin_cmake_args': None, 'catkin_skip_building_tests': False, 'cmake_args': None, 'cmake_clean_cache': False, 'cmake_clean_first': False, 'cmake_force_configure': False, 'cmake_target': None, 'cmake_target_skip_unavailable': False, 'install_base': '/workspaces/drone_home-dev/drone-home/ros2_ws/install/drone_home', 'merge_install': False, 'path': '/workspaces/drone_home-dev/drone-home/ros2_ws/src/drone_home', 'symlink_install': False, 'test_result_base': None}
[0.646s] INFO:colcon.colcon_core.executor:Executing jobs using 'parallel' executor
[0.649s] DEBUG:colcon.colcon_parallel_executor.executor.parallel:run_until_complete
[0.650s] INFO:colcon.colcon_ros.task.ament_cmake.build:Building ROS package in '/workspaces/drone_home-dev/drone-home/ros2_ws/custom_messages' with build type 'ament_cmake'
[0.650s] INFO:colcon.colcon_cmake.task.cmake.build:Building CMake package in '/workspaces/drone_home-dev/drone-home/ros2_ws/custom_messages'
[0.658s] INFO:colcon.colcon_core.plugin_system:Skipping extension 'colcon_core.shell.bat': Not used on non-Windows systems
[0.658s] INFO:colcon.colcon_core.shell:Skip shell extension 'powershell' for command environment: Not usable outside of PowerShell
[0.659s] DEBUG:colcon.colcon_core.shell:Skip shell extension 'dsv' for command environment
[0.687s] INFO:colcon.colcon_ros.task.ament_python.build:Building ROS package in '/workspaces/drone_home-dev/drone-home/ros2_ws/src/drone_home' with build type 'ament_python'
[0.688s] Level 1:colcon.colcon_core.shell:create_environment_hook('drone_home', 'ament_prefix_path')
[0.689s] INFO:colcon.colcon_core.shell:Creating environment hook '/workspaces/drone_home-dev/drone-home/ros2_ws/install/drone_home/share/drone_home/hook/ament_prefix_path.ps1'
[0.692s] INFO:colcon.colcon_core.shell:Creating environment descriptor '/workspaces/drone_home-dev/drone-home/ros2_ws/install/drone_home/share/drone_home/hook/ament_prefix_path.dsv'
[0.693s] INFO:colcon.colcon_core.shell:Creating environment hook '/workspaces/drone_home-dev/drone-home/ros2_ws/install/drone_home/share/drone_home/hook/ament_prefix_path.sh'
[0.697s] INFO:colcon.colcon_core.shell:Skip shell extension 'powershell' for command environment: Not usable outside of PowerShell
[0.697s] DEBUG:colcon.colcon_core.shell:Skip shell extension 'dsv' for command environment
[0.735s] DEBUG:colcon.colcon_core.event_handler.log_command:Invoking command in '/workspaces/drone_home-dev/drone-home/ros2_ws/build/custom_messages': CMAKE_PREFIX_PATH=${CMAKE_PREFIX_PATH}:/workspaces/drone_home-dev/drone-home/ros2_ws/install/drone_home:/opt/ros/humble /usr/local/bin/cmake --build /workspaces/drone_home-dev/drone-home/ros2_ws/build/custom_messages -- -j6 -l6
[1.633s] INFO:colcon.colcon_core.task.python.build:Building Python package in '/workspaces/drone_home-dev/drone-home/ros2_ws/src/drone_home'
[1.635s] INFO:colcon.colcon_core.shell:Skip shell extension 'powershell' for command environment: Not usable outside of PowerShell
[1.635s] DEBUG:colcon.colcon_core.shell:Skip shell extension 'dsv' for command environment
[2.314s] DEBUG:colcon.colcon_core.event_handler.log_command:Invoked command in '/workspaces/drone_home-dev/drone-home/ros2_ws/build/custom_messages' returned '0': CMAKE_PREFIX_PATH=${CMAKE_PREFIX_PATH}:/workspaces/drone_home-dev/drone-home/ros2_ws/install/drone_home:/opt/ros/humble /usr/local/bin/cmake --build /workspaces/drone_home-dev/drone-home/ros2_ws/build/custom_messages -- -j6 -l6
[2.515s] DEBUG:colcon.colcon_core.event_handler.log_command:Invoking command in '/workspaces/drone_home-dev/drone-home/ros2_ws/build/custom_messages': CMAKE_PREFIX_PATH=${CMAKE_PREFIX_PATH}:/workspaces/drone_home-dev/drone-home/ros2_ws/install/drone_home:/opt/ros/humble /usr/local/bin/cmake --install /workspaces/drone_home-dev/drone-home/ros2_ws/build/custom_messages
[2.908s] Level 1:colcon.colcon_core.environment:create_environment_scripts_only(custom_messages)
[2.911s] DEBUG:colcon.colcon_core.event_handler.log_command:Invoked command in '/workspaces/drone_home-dev/drone-home/ros2_ws/build/custom_messages' returned '0': CMAKE_PREFIX_PATH=${CMAKE_PREFIX_PATH}:/workspaces/drone_home-dev/drone-home/ros2_ws/install/drone_home:/opt/ros/humble /usr/local/bin/cmake --install /workspaces/drone_home-dev/drone-home/ros2_ws/build/custom_messages
[2.918s] Level 1:colcon.colcon_core.environment:checking '/workspaces/drone_home-dev/drone-home/ros2_ws/install/custom_messages' for CMake module files
[2.920s] Level 1:colcon.colcon_core.environment:checking '/workspaces/drone_home-dev/drone-home/ros2_ws/install/custom_messages' for CMake config files
[2.920s] Level 1:colcon.colcon_core.shell:create_environment_hook('custom_messages', 'cmake_prefix_path')
[2.921s] INFO:colcon.colcon_core.shell:Creating environment hook '/workspaces/drone_home-dev/drone-home/ros2_ws/install/custom_messages/share/custom_messages/hook/cmake_prefix_path.ps1'
[2.922s] INFO:colcon.colcon_core.shell:Creating environment descriptor '/workspaces/drone_home-dev/drone-home/ros2_ws/install/custom_messages/share/custom_messages/hook/cmake_prefix_path.dsv'
[2.923s] INFO:colcon.colcon_core.shell:Creating environment hook '/workspaces/drone_home-dev/drone-home/ros2_ws/install/custom_messages/share/custom_messages/hook/cmake_prefix_path.sh'
[2.925s] Level 1:colcon.colcon_core.environment:checking '/workspaces/drone_home-dev/drone-home/ros2_ws/install/custom_messages/lib'
[2.926s] Level 1:colcon.colcon_core.shell:create_environment_hook('custom_messages', 'ld_library_path_lib')
[2.926s] INFO:colcon.colcon_core.shell:Creating environment hook '/workspaces/drone_home-dev/drone-home/ros2_ws/install/custom_messages/share/custom_messages/hook/ld_library_path_lib.ps1'
[2.927s] INFO:colcon.colcon_core.shell:Creating environment descriptor '/workspaces/drone_home-dev/drone-home/ros2_ws/install/custom_messages/share/custom_messages/hook/ld_library_path_lib.dsv'
[2.928s] INFO:colcon.colcon_core.shell:Creating environment hook '/workspaces/drone_home-dev/drone-home/ros2_ws/install/custom_messages/share/custom_messages/hook/ld_library_path_lib.sh'
[2.930s] Level 1:colcon.colcon_core.environment:checking '/workspaces/drone_home-dev/drone-home/ros2_ws/install/custom_messages/bin'
[2.930s] Level 1:colcon.colcon_core.environment:checking '/workspaces/drone_home-dev/drone-home/ros2_ws/install/custom_messages/lib/pkgconfig/custom_messages.pc'
[2.931s] Level 1:colcon.colcon_core.environment:checking '/workspaces/drone_home-dev/drone-home/ros2_ws/install/custom_messages/lib/python3.10/site-packages'
[2.931s] Level 1:colcon.colcon_core.environment:checking '/workspaces/drone_home-dev/drone-home/ros2_ws/install/custom_messages/bin'
[2.932s] INFO:colcon.colcon_core.shell:Creating package script '/workspaces/drone_home-dev/drone-home/ros2_ws/install/custom_messages/share/custom_messages/package.ps1'
[2.934s] INFO:colcon.colcon_core.shell:Creating package descriptor '/workspaces/drone_home-dev/drone-home/ros2_ws/install/custom_messages/share/custom_messages/package.dsv'
[2.936s] INFO:colcon.colcon_core.shell:Creating package script '/workspaces/drone_home-dev/drone-home/ros2_ws/install/custom_messages/share/custom_messages/package.sh'
[2.938s] INFO:colcon.colcon_core.shell:Creating package script '/workspaces/drone_home-dev/drone-home/ros2_ws/install/custom_messages/share/custom_messages/package.bash'
[2.941s] INFO:colcon.colcon_core.shell:Creating package script '/workspaces/drone_home-dev/drone-home/ros2_ws/install/custom_messages/share/custom_messages/package.zsh'
[2.943s] Level 1:colcon.colcon_core.environment:create_file_with_runtime_dependencies(/workspaces/drone_home-dev/drone-home/ros2_ws/install/custom_messages/share/colcon-core/packages/custom_messages)
[2.945s] Level 1:colcon.colcon_core.environment:create_environment_scripts_only(custom_messages)
[2.946s] Level 1:colcon.colcon_core.environment:checking '/workspaces/drone_home-dev/drone-home/ros2_ws/install/custom_messages' for CMake module files
[2.947s] Level 1:colcon.colcon_core.environment:checking '/workspaces/drone_home-dev/drone-home/ros2_ws/install/custom_messages' for CMake config files
[2.947s] Level 1:colcon.colcon_core.shell:create_environment_hook('custom_messages', 'cmake_prefix_path')
[2.948s] INFO:colcon.colcon_core.shell:Creating environment hook '/workspaces/drone_home-dev/drone-home/ros2_ws/install/custom_messages/share/custom_messages/hook/cmake_prefix_path.ps1'
[2.949s] INFO:colcon.colcon_core.shell:Creating environment descriptor '/workspaces/drone_home-dev/drone-home/ros2_ws/install/custom_messages/share/custom_messages/hook/cmake_prefix_path.dsv'
[2.951s] INFO:colcon.colcon_core.shell:Creating environment hook '/workspaces/drone_home-dev/drone-home/ros2_ws/install/custom_messages/share/custom_messages/hook/cmake_prefix_path.sh'
[2.952s] Level 1:colcon.colcon_core.environment:checking '/workspaces/drone_home-dev/drone-home/ros2_ws/install/custom_messages/lib'
[2.953s] Level 1:colcon.colcon_core.shell:create_environment_hook('custom_messages', 'ld_library_path_lib')
[2.953s] INFO:colcon.colcon_core.shell:Creating environment hook '/workspaces/drone_home-dev/drone-home/ros2_ws/install/custom_messages/share/custom_messages/hook/ld_library_path_lib.ps1'
[2.954s] INFO:colcon.colcon_core.shell:Creating environment descriptor '/workspaces/drone_home-dev/drone-home/ros2_ws/install/custom_messages/share/custom_messages/hook/ld_library_path_lib.dsv'
[2.955s] INFO:colcon.colcon_core.shell:Creating environment hook '/workspaces/drone_home-dev/drone-home/ros2_ws/install/custom_messages/share/custom_messages/hook/ld_library_path_lib.sh'
[2.956s] Level 1:colcon.colcon_core.environment:checking '/workspaces/drone_home-dev/drone-home/ros2_ws/install/custom_messages/bin'
[2.957s] Level 1:colcon.colcon_core.environment:checking '/workspaces/drone_home-dev/drone-home/ros2_ws/install/custom_messages/lib/pkgconfig/custom_messages.pc'
[2.957s] Level 1:colcon.colcon_core.environment:checking '/workspaces/drone_home-dev/drone-home/ros2_ws/install/custom_messages/lib/python3.10/site-packages'
[2.958s] Level 1:colcon.colcon_core.environment:checking '/workspaces/drone_home-dev/drone-home/ros2_ws/install/custom_messages/bin'
[2.958s] INFO:colcon.colcon_core.shell:Creating package script '/workspaces/drone_home-dev/drone-home/ros2_ws/install/custom_messages/share/custom_messages/package.ps1'
[2.960s] INFO:colcon.colcon_core.shell:Creating package descriptor '/workspaces/drone_home-dev/drone-home/ros2_ws/install/custom_messages/share/custom_messages/package.dsv'
[2.961s] INFO:colcon.colcon_core.shell:Creating package script '/workspaces/drone_home-dev/drone-home/ros2_ws/install/custom_messages/share/custom_messages/package.sh'
[2.962s] INFO:colcon.colcon_core.shell:Creating package script '/workspaces/drone_home-dev/drone-home/ros2_ws/install/custom_messages/share/custom_messages/package.bash'
[2.964s] INFO:colcon.colcon_core.shell:Creating package script '/workspaces/drone_home-dev/drone-home/ros2_ws/install/custom_messages/share/custom_messages/package.zsh'
[2.965s] Level 1:colcon.colcon_core.environment:create_file_with_runtime_dependencies(/workspaces/drone_home-dev/drone-home/ros2_ws/install/custom_messages/share/colcon-core/packages/custom_messages)
[3.593s] DEBUG:colcon.colcon_core.event_handler.log_command:Invoking command in '/workspaces/drone_home-dev/drone-home/ros2_ws/src/drone_home': PYTHONPATH=/workspaces/drone_home-dev/drone-home/ros2_ws/build/drone_home/prefix_override:/usr/lib/python3/dist-packages/colcon_core/task/python/colcon_distutils_commands:/workspaces/drone_home-dev/drone-home/ros2_ws/install/drone_home/lib/python3.10/site-packages:${PYTHONPATH} /usr/bin/python3 -W ignore:setup.py install is deprecated -W ignore:easy_install command is deprecated setup.py egg_info --egg-base ../../build/drone_home build --build-base /workspaces/drone_home-dev/drone-home/ros2_ws/build/drone_home/build install --record /workspaces/drone_home-dev/drone-home/ros2_ws/build/drone_home/install.log --single-version-externally-managed install_data
[5.138s] Level 1:colcon.colcon_core.environment:checking '/workspaces/drone_home-dev/drone-home/ros2_ws/install/drone_home' for CMake module files
[5.140s] Level 1:colcon.colcon_core.environment:checking '/workspaces/drone_home-dev/drone-home/ros2_ws/install/drone_home' for CMake config files
[5.141s] DEBUG:colcon.colcon_core.event_handler.log_command:Invoked command in '/workspaces/drone_home-dev/drone-home/ros2_ws/src/drone_home' returned '0': PYTHONPATH=/workspaces/drone_home-dev/drone-home/ros2_ws/build/drone_home/prefix_override:/usr/lib/python3/dist-packages/colcon_core/task/python/colcon_distutils_commands:/workspaces/drone_home-dev/drone-home/ros2_ws/install/drone_home/lib/python3.10/site-packages:${PYTHONPATH} /usr/bin/python3 -W ignore:setup.py install is deprecated -W ignore:easy_install command is deprecated setup.py egg_info --egg-base ../../build/drone_home build --build-base /workspaces/drone_home-dev/drone-home/ros2_ws/build/drone_home/build install --record /workspaces/drone_home-dev/drone-home/ros2_ws/build/drone_home/install.log --single-version-externally-managed install_data
[5.143s] Level 1:colcon.colcon_core.environment:checking '/workspaces/drone_home-dev/drone-home/ros2_ws/install/drone_home/lib'
[5.143s] Level 1:colcon.colcon_core.environment:checking '/workspaces/drone_home-dev/drone-home/ros2_ws/install/drone_home/bin'
[5.144s] Level 1:colcon.colcon_core.environment:checking '/workspaces/drone_home-dev/drone-home/ros2_ws/install/drone_home/lib/pkgconfig/drone_home.pc'
[5.144s] Level 1:colcon.colcon_core.environment:checking '/workspaces/drone_home-dev/drone-home/ros2_ws/install/drone_home/lib/python3.10/site-packages'
[5.144s] Level 1:colcon.colcon_core.shell:create_environment_hook('drone_home', 'pythonpath')
[5.145s] INFO:colcon.colcon_core.shell:Creating environment hook '/workspaces/drone_home-dev/drone-home/ros2_ws/install/drone_home/share/drone_home/hook/pythonpath.ps1'
[5.146s] INFO:colcon.colcon_core.shell:Creating environment descriptor '/workspaces/drone_home-dev/drone-home/ros2_ws/install/drone_home/share/drone_home/hook/pythonpath.dsv'
[5.147s] INFO:colcon.colcon_core.shell:Creating environment hook '/workspaces/drone_home-dev/drone-home/ros2_ws/install/drone_home/share/drone_home/hook/pythonpath.sh'
[5.149s] Level 1:colcon.colcon_core.environment:checking '/workspaces/drone_home-dev/drone-home/ros2_ws/install/drone_home/bin'
[5.149s] Level 1:colcon.colcon_core.environment:create_environment_scripts_only(drone_home)
[5.150s] INFO:colcon.colcon_core.shell:Creating package script '/workspaces/drone_home-dev/drone-home/ros2_ws/install/drone_home/share/drone_home/package.ps1'
[5.151s] INFO:colcon.colcon_core.shell:Creating package descriptor '/workspaces/drone_home-dev/drone-home/ros2_ws/install/drone_home/share/drone_home/package.dsv'
[5.153s] INFO:colcon.colcon_core.shell:Creating package script '/workspaces/drone_home-dev/drone-home/ros2_ws/install/drone_home/share/drone_home/package.sh'
[5.154s] INFO:colcon.colcon_core.shell:Creating package script '/workspaces/drone_home-dev/drone-home/ros2_ws/install/drone_home/share/drone_home/package.bash'
[5.155s] INFO:colcon.colcon_core.shell:Creating package script '/workspaces/drone_home-dev/drone-home/ros2_ws/install/drone_home/share/drone_home/package.zsh'
[5.156s] Level 1:colcon.colcon_core.environment:create_file_with_runtime_dependencies(/workspaces/drone_home-dev/drone-home/ros2_ws/install/drone_home/share/colcon-core/packages/drone_home)
[5.157s] DEBUG:colcon.colcon_parallel_executor.executor.parallel:closing loop
[5.158s] DEBUG:colcon.colcon_parallel_executor.executor.parallel:loop closed
[5.159s] DEBUG:colcon.colcon_parallel_executor.executor.parallel:run_until_complete finished with '0'
[5.159s] DEBUG:colcon.colcon_core.event_reactor:joining thread
[5.198s] INFO:colcon.colcon_core.plugin_system:Skipping extension 'colcon_notification.desktop_notification.notify_send': Could not find 'notify-send'
[5.198s] INFO:colcon.colcon_core.plugin_system:Skipping extension 'colcon_notification.desktop_notification.terminal_notifier': Not used on non-Darwin systems
[5.199s] INFO:colcon.colcon_core.plugin_system:Skipping extension 'colcon_notification.desktop_notification.win32': Not used on non-Windows systems
[5.199s] INFO:colcon.colcon_notification.desktop_notification:Sending desktop notification using 'notify2'
[5.199s] DEBUG:colcon.colcon_notification.desktop_notification.notify2:Failed to initialize notify2: org.freedesktop.DBus.Error.NotSupported: Unable to autolaunch a dbus-daemon without a $DISPLAY for X11
[5.199s] DEBUG:colcon.colcon_core.event_reactor:joined thread
[5.200s] INFO:colcon.colcon_core.shell:Creating prefix script '/workspaces/drone_home-dev/drone-home/ros2_ws/install/local_setup.ps1'
[5.202s] INFO:colcon.colcon_core.shell:Creating prefix util module '/workspaces/drone_home-dev/drone-home/ros2_ws/install/_local_setup_util_ps1.py'
[5.206s] INFO:colcon.colcon_core.shell:Creating prefix chain script '/workspaces/drone_home-dev/drone-home/ros2_ws/install/setup.ps1'
[5.208s] INFO:colcon.colcon_core.shell:Creating prefix script '/workspaces/drone_home-dev/drone-home/ros2_ws/install/local_setup.sh'
[5.209s] INFO:colcon.colcon_core.shell:Creating prefix util module '/workspaces/drone_home-dev/drone-home/ros2_ws/install/_local_setup_util_sh.py'
[5.211s] INFO:colcon.colcon_core.shell:Creating prefix chain script '/workspaces/drone_home-dev/drone-home/ros2_ws/install/setup.sh'
[5.213s] INFO:colcon.colcon_core.shell:Creating prefix script '/workspaces/drone_home-dev/drone-home/ros2_ws/install/local_setup.bash'
[5.214s] INFO:colcon.colcon_core.shell:Creating prefix chain script '/workspaces/drone_home-dev/drone-home/ros2_ws/install/setup.bash'
[5.216s] INFO:colcon.colcon_core.shell:Creating prefix script '/workspaces/drone_home-dev/drone-home/ros2_ws/install/local_setup.zsh'
[5.218s] INFO:colcon.colcon_core.shell:Creating prefix chain script '/workspaces/drone_home-dev/drone-home/ros2_ws/install/setup.zsh'
